Epoch | Train Loss | Val Loss | Learning Rate
----------------------------------------
Epoch 0000 | Train Loss: 2.0098e+00 | Val Loss: 5.5199e+00 | LR: 1.00e-04
Epoch 0500 | Train Loss: 1.2418e+00 | Val Loss: 4.9426e+00 | LR: 1.00e-04
Epoch 1000 | Train Loss: 1.0027e+00 | Val Loss: 3.0704e+00 | LR: 1.00e-04
Epoch 1500 | Train Loss: 8.2752e-01 | Val Loss: 1.5935e+00 | LR: 1.00e-04
Epoch 2000 | Train Loss: 6.8009e-01 | Val Loss: 1.1739e+00 | LR: 1.00e-04
Epoch 2500 | Train Loss: 5.4216e-01 | Val Loss: 8.9425e-01 | LR: 1.00e-04
Epoch 3000 | Train Loss: 4.2288e-01 | Val Loss: 6.8282e-01 | LR: 1.00e-04
Epoch 3500 | Train Loss: 3.1783e-01 | Val Loss: 4.9402e-01 | LR: 1.00e-04
Epoch 4000 | Train Loss: 8.1169e-02 | Val Loss: 1.8466e-01 | LR: 1.00e-04
Epoch 4500 | Train Loss: 6.9244e-02 | Val Loss: 1.5575e-01 | LR: 1.00e-04
Epoch 5000 | Train Loss: 5.9061e-02 | Val Loss: 1.3046e-01 | LR: 1.00e-04
Epoch 5500 | Train Loss: 4.7697e-02 | Val Loss: 1.0633e-01 | LR: 1.00e-04
Epoch 6000 | Train Loss: 4.1325e-02 | Val Loss: 9.3376e-02 | LR: 1.00e-04
Epoch 6500 | Train Loss: 3.5505e-02 | Val Loss: 8.1489e-02 | LR: 1.00e-04
Epoch 7000 | Train Loss: 3.0106e-02 | Val Loss: 7.4456e-02 | LR: 1.00e-04
Epoch 7500 | Train Loss: 2.7122e-02 | Val Loss: 6.8158e-02 | LR: 1.00e-04
Epoch 8000 | Train Loss: 2.4849e-02 | Val Loss: 6.2134e-02 | LR: 1.00e-04
Epoch 8500 | Train Loss: 2.2903e-02 | Val Loss: 5.6354e-02 | LR: 1.00e-04
Epoch 9000 | Train Loss: 2.1109e-02 | Val Loss: 5.1216e-02 | LR: 1.00e-04
Epoch 9500 | Train Loss: 1.9321e-02 | Val Loss: 4.6565e-02 | LR: 1.00e-04
Epoch 10000 | Train Loss: 1.7533e-02 | Val Loss: 4.2068e-02 | LR: 1.00e-04
Epoch 10500 | Train Loss: 1.5823e-02 | Val Loss: 3.7704e-02 | LR: 1.00e-04
Epoch 11000 | Train Loss: 1.4428e-02 | Val Loss: 3.4053e-02 | LR: 1.00e-04
Epoch 11500 | Train Loss: 1.3283e-02 | Val Loss: 3.0710e-02 | LR: 1.00e-04
Epoch 12000 | Train Loss: 1.1621e-02 | Val Loss: 2.8229e-02 | LR: 1.00e-04
Epoch 12500 | Train Loss: 1.0941e-02 | Val Loss: 2.6107e-02 | LR: 1.00e-04
Epoch 13000 | Train Loss: 1.0340e-02 | Val Loss: 2.4379e-02 | LR: 1.00e-04
Epoch 13500 | Train Loss: 9.7678e-03 | Val Loss: 2.2499e-02 | LR: 1.00e-04
Epoch 14000 | Train Loss: 9.2260e-03 | Val Loss: 2.0990e-02 | LR: 1.00e-04
Epoch 14500 | Train Loss: 8.7163e-03 | Val Loss: 1.9442e-02 | LR: 1.00e-04
Epoch 15000 | Train Loss: 8.2425e-03 | Val Loss: 1.8172e-02 | LR: 1.00e-04
Epoch 15500 | Train Loss: 7.8178e-03 | Val Loss: 1.6798e-02 | LR: 1.00e-04
Epoch 16000 | Train Loss: 7.1344e-03 | Val Loss: 1.5308e-02 | LR: 1.00e-04
Epoch 16500 | Train Loss: 6.7113e-03 | Val Loss: 1.3967e-02 | LR: 1.00e-04
Epoch 17000 | Train Loss: 6.3529e-03 | Val Loss: 1.2839e-02 | LR: 1.00e-04
Epoch 17500 | Train Loss: 6.0140e-03 | Val Loss: 1.1738e-02 | LR: 1.00e-04
Epoch 18000 | Train Loss: 5.6721e-03 | Val Loss: 1.0555e-02 | LR: 1.00e-04
Epoch 18500 | Train Loss: 5.3578e-03 | Val Loss: 9.4030e-03 | LR: 1.00e-04
Epoch 19000 | Train Loss: 5.1123e-03 | Val Loss: 8.8113e-03 | LR: 1.00e-04
Epoch 19500 | Train Loss: 4.9128e-03 | Val Loss: 8.4110e-03 | LR: 1.00e-04
Epoch 20000 | Train Loss: 4.7377e-03 | Val Loss: 8.0629e-03 | LR: 1.00e-04
Epoch 20500 | Train Loss: 4.5720e-03 | Val Loss: 7.7565e-03 | LR: 1.00e-04
Epoch 21000 | Train Loss: 4.4167e-03 | Val Loss: 7.4744e-03 | LR: 1.00e-04
Epoch 21500 | Train Loss: 4.2711e-03 | Val Loss: 7.1901e-03 | LR: 1.00e-04
Epoch 22000 | Train Loss: 4.1364e-03 | Val Loss: 6.9237e-03 | LR: 1.00e-04
Epoch 22500 | Train Loss: 4.0106e-03 | Val Loss: 6.6768e-03 | LR: 1.00e-04
Epoch 23000 | Train Loss: 3.8940e-03 | Val Loss: 6.4621e-03 | LR: 1.00e-04
Epoch 23500 | Train Loss: 3.7833e-03 | Val Loss: 6.2646e-03 | LR: 1.00e-04
Epoch 24000 | Train Loss: 3.6804e-03 | Val Loss: 6.0601e-03 | LR: 1.00e-04
Epoch 24500 | Train Loss: 3.5823e-03 | Val Loss: 5.9095e-03 | LR: 1.00e-04
Epoch 25000 | Train Loss: 3.4911e-03 | Val Loss: 5.7451e-03 | LR: 1.00e-04
Epoch 25500 | Train Loss: 3.4033e-03 | Val Loss: 5.6268e-03 | LR: 1.00e-04
Epoch 26000 | Train Loss: 3.3203e-03 | Val Loss: 5.4563e-03 | LR: 1.00e-04
Epoch 26500 | Train Loss: 3.2420e-03 | Val Loss: 5.3210e-03 | LR: 1.00e-04
Epoch 27000 | Train Loss: 3.1644e-03 | Val Loss: 5.2105e-03 | LR: 1.00e-04
Epoch 27500 | Train Loss: 3.0923e-03 | Val Loss: 5.0987e-03 | LR: 1.00e-04
Epoch 28000 | Train Loss: 3.0227e-03 | Val Loss: 4.9598e-03 | LR: 1.00e-04
Epoch 28500 | Train Loss: 2.9566e-03 | Val Loss: 4.8629e-03 | LR: 1.00e-04
Epoch 29000 | Train Loss: 2.8939e-03 | Val Loss: 4.7857e-03 | LR: 1.00e-04
Epoch 29500 | Train Loss: 2.8349e-03 | Val Loss: 4.6881e-03 | LR: 1.00e-04
Epoch 30000 | Train Loss: 2.7766e-03 | Val Loss: 4.6560e-03 | LR: 1.00e-04
Epoch 30500 | Train Loss: 2.7201e-03 | Val Loss: 4.5294e-03 | LR: 1.00e-04
Epoch 31000 | Train Loss: 2.6673e-03 | Val Loss: 4.4776e-03 | LR: 1.00e-04
Epoch 31500 | Train Loss: 2.6162e-03 | Val Loss: 4.3986e-03 | LR: 1.00e-04
Epoch 32000 | Train Loss: 2.5673e-03 | Val Loss: 4.3071e-03 | LR: 1.00e-04
Epoch 32500 | Train Loss: 2.5204e-03 | Val Loss: 4.2334e-03 | LR: 1.00e-04
Epoch 33000 | Train Loss: 2.4735e-03 | Val Loss: 4.2132e-03 | LR: 1.00e-04
Epoch 33500 | Train Loss: 2.4297e-03 | Val Loss: 4.1371e-03 | LR: 1.00e-04
Epoch 34000 | Train Loss: 2.3863e-03 | Val Loss: 4.1019e-03 | LR: 1.00e-04
Epoch 34500 | Train Loss: 2.3448e-03 | Val Loss: 3.9911e-03 | LR: 1.00e-04
Epoch 35000 | Train Loss: 2.3051e-03 | Val Loss: 3.9639e-03 | LR: 1.00e-04
Epoch 35500 | Train Loss: 2.2673e-03 | Val Loss: 3.9465e-03 | LR: 1.00e-04
Epoch 36000 | Train Loss: 2.2270e-03 | Val Loss: 3.8646e-03 | LR: 1.00e-04
Epoch 36500 | Train Loss: 2.1907e-03 | Val Loss: 3.8082e-03 | LR: 1.00e-04
Epoch 37000 | Train Loss: 2.1557e-03 | Val Loss: 3.7218e-03 | LR: 1.00e-04
Epoch 37500 | Train Loss: 2.1185e-03 | Val Loss: 3.6904e-03 | LR: 1.00e-04
Epoch 38000 | Train Loss: 2.0851e-03 | Val Loss: 3.6695e-03 | LR: 1.00e-04
Epoch 38500 | Train Loss: 2.0515e-03 | Val Loss: 3.6224e-03 | LR: 1.00e-04
Epoch 39000 | Train Loss: 2.0204e-03 | Val Loss: 3.5806e-03 | LR: 1.00e-04
Epoch 39500 | Train Loss: 1.9885e-03 | Val Loss: 3.5506e-03 | LR: 1.00e-04
Epoch 40000 | Train Loss: 1.9569e-03 | Val Loss: 3.4918e-03 | LR: 1.00e-04
Epoch 40500 | Train Loss: 1.9248e-03 | Val Loss: 3.4026e-03 | LR: 1.00e-04
Epoch 41000 | Train Loss: 1.8945e-03 | Val Loss: 3.3651e-03 | LR: 1.00e-04
Epoch 41500 | Train Loss: 1.8654e-03 | Val Loss: 3.3465e-03 | LR: 1.00e-04
Epoch 42000 | Train Loss: 1.8360e-03 | Val Loss: 3.3041e-03 | LR: 1.00e-04
Epoch 42500 | Train Loss: 1.8056e-03 | Val Loss: 3.2398e-03 | LR: 1.00e-04
Epoch 43000 | Train Loss: 1.7763e-03 | Val Loss: 3.1723e-03 | LR: 1.00e-04
Epoch 43500 | Train Loss: 1.7456e-03 | Val Loss: 3.1539e-03 | LR: 1.00e-04
Epoch 44000 | Train Loss: 1.7162e-03 | Val Loss: 3.0881e-03 | LR: 1.00e-04
Epoch 44500 | Train Loss: 1.6856e-03 | Val Loss: 3.0694e-03 | LR: 1.00e-04
Epoch 45000 | Train Loss: 1.6558e-03 | Val Loss: 3.0404e-03 | LR: 1.00e-04
Epoch 45500 | Train Loss: 1.6266e-03 | Val Loss: 2.9915e-03 | LR: 1.00e-04
Epoch 46000 | Train Loss: 1.5964e-03 | Val Loss: 2.9308e-03 | LR: 1.00e-04
Epoch 46500 | Train Loss: 1.5679e-03 | Val Loss: 2.9226e-03 | LR: 1.00e-04
Epoch 47000 | Train Loss: 1.5418e-03 | Val Loss: 2.8887e-03 | LR: 1.00e-04
Epoch 47500 | Train Loss: 1.5132e-03 | Val Loss: 2.8695e-03 | LR: 1.00e-04
Epoch 48000 | Train Loss: 1.4873e-03 | Val Loss: 2.8336e-03 | LR: 1.00e-04
Epoch 48500 | Train Loss: 1.4632e-03 | Val Loss: 2.8453e-03 | LR: 1.00e-04
Epoch 49000 | Train Loss: 1.4383e-03 | Val Loss: 2.7862e-03 | LR: 1.00e-04
Epoch 49500 | Train Loss: 1.4159e-03 | Val Loss: 2.7743e-03 | LR: 1.00e-04
Epoch 50000 | Train Loss: 1.3930e-03 | Val Loss: 2.7571e-03 | LR: 1.00e-04
Epoch 50500 | Train Loss: 1.3719e-03 | Val Loss: 2.7252e-03 | LR: 1.00e-04
Epoch 51000 | Train Loss: 1.3517e-03 | Val Loss: 2.6874e-03 | LR: 1.00e-04
Epoch 51500 | Train Loss: 1.3314e-03 | Val Loss: 2.6923e-03 | LR: 1.00e-04
Epoch 52000 | Train Loss: 1.3130e-03 | Val Loss: 2.6493e-03 | LR: 1.00e-04
Epoch 52500 | Train Loss: 1.2941e-03 | Val Loss: 2.6391e-03 | LR: 1.00e-04
Epoch 53000 | Train Loss: 1.2763e-03 | Val Loss: 2.6061e-03 | LR: 1.00e-04
Epoch 53500 | Train Loss: 1.2590e-03 | Val Loss: 2.5785e-03 | LR: 1.00e-04
Epoch 54000 | Train Loss: 1.2422e-03 | Val Loss: 2.5560e-03 | LR: 1.00e-04
Epoch 54500 | Train Loss: 1.2247e-03 | Val Loss: 2.5130e-03 | LR: 1.00e-04
Epoch 55000 | Train Loss: 1.2092e-03 | Val Loss: 2.4850e-03 | LR: 1.00e-04
Epoch 55500 | Train Loss: 1.1939e-03 | Val Loss: 2.4705e-03 | LR: 1.00e-04
Epoch 56000 | Train Loss: 1.1800e-03 | Val Loss: 2.4444e-03 | LR: 1.00e-04
Epoch 56500 | Train Loss: 1.1643e-03 | Val Loss: 2.4135e-03 | LR: 1.00e-04
Epoch 57000 | Train Loss: 1.1506e-03 | Val Loss: 2.3925e-03 | LR: 1.00e-04
Epoch 57500 | Train Loss: 1.1359e-03 | Val Loss: 2.3679e-03 | LR: 1.00e-04
Epoch 58000 | Train Loss: 1.1227e-03 | Val Loss: 2.3425e-03 | LR: 1.00e-04
Epoch 58500 | Train Loss: 1.1095e-03 | Val Loss: 2.3109e-03 | LR: 1.00e-04
Epoch 59000 | Train Loss: 1.0967e-03 | Val Loss: 2.2874e-03 | LR: 1.00e-04
Epoch 59500 | Train Loss: 1.0847e-03 | Val Loss: 2.2578e-03 | LR: 1.00e-04
Epoch 60000 | Train Loss: 1.0715e-03 | Val Loss: 2.2399e-03 | LR: 1.00e-04
Epoch 60500 | Train Loss: 1.0588e-03 | Val Loss: 2.2191e-03 | LR: 1.00e-04
Epoch 61000 | Train Loss: 1.0464e-03 | Val Loss: 2.1847e-03 | LR: 1.00e-04
Epoch 61500 | Train Loss: 1.0333e-03 | Val Loss: 2.1402e-03 | LR: 1.00e-04
Epoch 62000 | Train Loss: 1.0166e-03 | Val Loss: 2.1115e-03 | LR: 1.00e-04
Epoch 62500 | Train Loss: 9.9419e-04 | Val Loss: 2.0204e-03 | LR: 1.00e-04
Epoch 63000 | Train Loss: 9.7325e-04 | Val Loss: 1.9806e-03 | LR: 1.00e-04
Epoch 63500 | Train Loss: 9.5862e-04 | Val Loss: 1.9380e-03 | LR: 1.00e-04
Epoch 64000 | Train Loss: 9.4622e-04 | Val Loss: 1.9312e-03 | LR: 1.00e-04
Epoch 64500 | Train Loss: 9.3490e-04 | Val Loss: 1.8974e-03 | LR: 1.00e-04
Epoch 65000 | Train Loss: 9.2395e-04 | Val Loss: 1.8877e-03 | LR: 1.00e-04
Epoch 65500 | Train Loss: 9.1353e-04 | Val Loss: 1.8770e-03 | LR: 1.00e-04
Epoch 66000 | Train Loss: 9.0449e-04 | Val Loss: 1.8500e-03 | LR: 1.00e-04
Epoch 66500 | Train Loss: 8.9519e-04 | Val Loss: 1.8294e-03 | LR: 1.00e-04
Epoch 67000 | Train Loss: 8.8610e-04 | Val Loss: 1.8186e-03 | LR: 1.00e-04
Epoch 67500 | Train Loss: 8.7744e-04 | Val Loss: 1.8113e-03 | LR: 1.00e-04
Epoch 68000 | Train Loss: 8.6941e-04 | Val Loss: 1.7848e-03 | LR: 1.00e-04
Epoch 68500 | Train Loss: 8.6068e-04 | Val Loss: 1.7738e-03 | LR: 1.00e-04
Epoch 69000 | Train Loss: 8.5306e-04 | Val Loss: 1.7509e-03 | LR: 1.00e-04
Epoch 69500 | Train Loss: 8.4544e-04 | Val Loss: 1.7537e-03 | LR: 1.00e-04
Epoch 70000 | Train Loss: 8.3754e-04 | Val Loss: 1.7464e-03 | LR: 1.00e-04
Epoch 70500 | Train Loss: 8.3004e-04 | Val Loss: 1.7322e-03 | LR: 1.00e-04
Epoch 71000 | Train Loss: 8.2221e-04 | Val Loss: 1.7125e-03 | LR: 1.00e-04
Epoch 71500 | Train Loss: 8.1499e-04 | Val Loss: 1.6904e-03 | LR: 1.00e-04
Epoch 72000 | Train Loss: 8.0762e-04 | Val Loss: 1.6792e-03 | LR: 1.00e-04
Epoch 72500 | Train Loss: 8.0144e-04 | Val Loss: 1.6722e-03 | LR: 1.00e-04
Epoch 73000 | Train Loss: 7.9432e-04 | Val Loss: 1.6640e-03 | LR: 1.00e-04
Epoch 73500 | Train Loss: 7.8732e-04 | Val Loss: 1.6470e-03 | LR: 1.00e-04
Epoch 74000 | Train Loss: 7.8064e-04 | Val Loss: 1.6353e-03 | LR: 1.00e-04
Epoch 74500 | Train Loss: 7.7433e-04 | Val Loss: 1.6172e-03 | LR: 1.00e-04
Epoch 75000 | Train Loss: 7.6773e-04 | Val Loss: 1.6084e-03 | LR: 1.00e-04
Epoch 75500 | Train Loss: 7.6232e-04 | Val Loss: 1.6118e-03 | LR: 1.00e-04
Epoch 76000 | Train Loss: 7.5570e-04 | Val Loss: 1.6042e-03 | LR: 1.00e-04
Epoch 76500 | Train Loss: 7.4932e-04 | Val Loss: 1.5772e-03 | LR: 1.00e-04
Epoch 77000 | Train Loss: 7.4322e-04 | Val Loss: 1.5855e-03 | LR: 1.00e-04
Epoch 77500 | Train Loss: 7.3742e-04 | Val Loss: 1.5631e-03 | LR: 1.00e-04
Epoch 78000 | Train Loss: 7.3165e-04 | Val Loss: 1.5670e-03 | LR: 1.00e-04
Epoch 78500 | Train Loss: 7.2583e-04 | Val Loss: 1.5413e-03 | LR: 1.00e-04
Epoch 79000 | Train Loss: 7.2089e-04 | Val Loss: 1.5465e-03 | LR: 1.00e-04
Epoch 79500 | Train Loss: 7.1544e-04 | Val Loss: 1.5516e-03 | LR: 1.00e-04
Epoch 80000 | Train Loss: 7.0965e-04 | Val Loss: 1.5204e-03 | LR: 1.00e-04
Epoch 80500 | Train Loss: 7.0389e-04 | Val Loss: 1.5205e-03 | LR: 1.00e-04
Epoch 81000 | Train Loss: 6.9864e-04 | Val Loss: 1.5083e-03 | LR: 1.00e-04
Epoch 81500 | Train Loss: 6.9394e-04 | Val Loss: 1.5217e-03 | LR: 1.00e-04
Epoch 82000 | Train Loss: 6.8925e-04 | Val Loss: 1.4945e-03 | LR: 1.00e-04
Epoch 82500 | Train Loss: 6.8375e-04 | Val Loss: 1.4788e-03 | LR: 1.00e-04
Epoch 83000 | Train Loss: 6.7865e-04 | Val Loss: 1.5026e-03 | LR: 1.00e-04
Epoch 83500 | Train Loss: 6.7314e-04 | Val Loss: 1.4668e-03 | LR: 1.00e-04
Epoch 84000 | Train Loss: 6.6845e-04 | Val Loss: 1.4652e-03 | LR: 1.00e-04
Epoch 84500 | Train Loss: 6.6326e-04 | Val Loss: 1.4551e-03 | LR: 1.00e-04
Epoch 85000 | Train Loss: 6.5937e-04 | Val Loss: 1.4549e-03 | LR: 1.00e-04
Epoch 85500 | Train Loss: 6.5350e-04 | Val Loss: 1.4411e-03 | LR: 1.00e-04
Epoch 86000 | Train Loss: 6.4894e-04 | Val Loss: 1.4416e-03 | LR: 1.00e-04
Epoch 86500 | Train Loss: 6.4470e-04 | Val Loss: 1.4775e-03 | LR: 1.00e-04
Epoch 87000 | Train Loss: 6.3961e-04 | Val Loss: 1.4560e-03 | LR: 1.00e-04
Epoch 87500 | Train Loss: 6.3480e-04 | Val Loss: 1.4220e-03 | LR: 1.00e-04
Epoch 88000 | Train Loss: 6.3032e-04 | Val Loss: 1.4014e-03 | LR: 1.00e-04
Epoch 88500 | Train Loss: 6.2657e-04 | Val Loss: 1.4250e-03 | LR: 1.00e-04
Epoch 89000 | Train Loss: 6.2215e-04 | Val Loss: 1.4239e-03 | LR: 1.00e-04
Epoch 89500 | Train Loss: 6.1736e-04 | Val Loss: 1.4075e-03 | LR: 1.00e-04
Epoch 90000 | Train Loss: 6.1334e-04 | Val Loss: 1.3929e-03 | LR: 1.00e-04
Epoch 90500 | Train Loss: 6.0881e-04 | Val Loss: 1.3881e-03 | LR: 1.00e-04
Epoch 91000 | Train Loss: 6.0487e-04 | Val Loss: 1.3899e-03 | LR: 1.00e-04
Epoch 91500 | Train Loss: 6.0109e-04 | Val Loss: 1.4036e-03 | LR: 1.00e-04
Epoch 92000 | Train Loss: 5.9747e-04 | Val Loss: 1.3538e-03 | LR: 1.00e-04
Epoch 92500 | Train Loss: 5.9324e-04 | Val Loss: 1.3948e-03 | LR: 1.00e-04
Epoch 93000 | Train Loss: 5.8954e-04 | Val Loss: 1.3560e-03 | LR: 1.00e-04
Epoch 93500 | Train Loss: 5.8464e-04 | Val Loss: 1.3409e-03 | LR: 1.00e-04
Epoch 94000 | Train Loss: 5.8119e-04 | Val Loss: 1.3179e-03 | LR: 1.00e-04
Epoch 94500 | Train Loss: 5.7743e-04 | Val Loss: 1.3695e-03 | LR: 1.00e-04
Epoch 95000 | Train Loss: 5.7333e-04 | Val Loss: 1.3135e-03 | LR: 1.00e-04
Epoch 95500 | Train Loss: 5.7005e-04 | Val Loss: 1.2997e-03 | LR: 1.00e-04
Epoch 96000 | Train Loss: 5.6605e-04 | Val Loss: 1.3177e-03 | LR: 1.00e-04
Epoch 96500 | Train Loss: 5.6252e-04 | Val Loss: 1.3076e-03 | LR: 1.00e-04
Epoch 97000 | Train Loss: 5.5871e-04 | Val Loss: 1.3013e-03 | LR: 1.00e-04
Epoch 97500 | Train Loss: 5.5511e-04 | Val Loss: 1.2982e-03 | LR: 1.00e-04
Epoch 98000 | Train Loss: 5.5395e-04 | Val Loss: 1.2986e-03 | LR: 1.00e-04
Epoch 98500 | Train Loss: 5.4961e-04 | Val Loss: 1.3503e-03 | LR: 1.00e-04
Epoch 99000 | Train Loss: 5.4529e-04 | Val Loss: 1.3064e-03 | LR: 1.00e-04
Epoch 99500 | Train Loss: 5.4182e-04 | Val Loss: 1.2746e-03 | LR: 1.00e-04
Epoch 100000 | Train Loss: 5.3879e-04 | Val Loss: 1.3014e-03 | LR: 1.00e-04
Epoch 100500 | Train Loss: 5.3539e-04 | Val Loss: 1.3121e-03 | LR: 1.00e-04
Epoch 101000 | Train Loss: 5.3205e-04 | Val Loss: 1.2928e-03 | LR: 1.00e-04
Epoch 101500 | Train Loss: 5.2935e-04 | Val Loss: 1.2479e-03 | LR: 1.00e-04
Epoch 102000 | Train Loss: 5.2626e-04 | Val Loss: 1.2704e-03 | LR: 1.00e-04
Epoch 102500 | Train Loss: 5.2347e-04 | Val Loss: 1.2613e-03 | LR: 1.00e-04
Epoch 103000 | Train Loss: 5.1960e-04 | Val Loss: 1.2381e-03 | LR: 1.00e-04
Epoch 103500 | Train Loss: 5.1696e-04 | Val Loss: 1.2133e-03 | LR: 1.00e-04
Epoch 104000 | Train Loss: 5.1405e-04 | Val Loss: 1.2196e-03 | LR: 1.00e-04
Epoch 104500 | Train Loss: 5.1175e-04 | Val Loss: 1.2037e-03 | LR: 1.00e-04
Epoch 105000 | Train Loss: 5.0826e-04 | Val Loss: 1.2198e-03 | LR: 1.00e-04
Epoch 105500 | Train Loss: 5.0544e-04 | Val Loss: 1.1911e-03 | LR: 1.00e-04
Epoch 106000 | Train Loss: 5.0228e-04 | Val Loss: 1.2265e-03 | LR: 1.00e-04
Epoch 106500 | Train Loss: 4.9959e-04 | Val Loss: 1.2066e-03 | LR: 1.00e-04
Epoch 107000 | Train Loss: 4.9729e-04 | Val Loss: 1.1860e-03 | LR: 1.00e-04
Epoch 107500 | Train Loss: 4.9466e-04 | Val Loss: 1.2242e-03 | LR: 1.00e-04
Epoch 108000 | Train Loss: 4.9193e-04 | Val Loss: 1.1857e-03 | LR: 1.00e-04
Epoch 108500 | Train Loss: 4.8942e-04 | Val Loss: 1.1797e-03 | LR: 1.00e-04
Epoch 109000 | Train Loss: 4.8637e-04 | Val Loss: 1.1902e-03 | LR: 1.00e-04
Epoch 109500 | Train Loss: 4.8417e-04 | Val Loss: 1.1598e-03 | LR: 1.00e-04
Epoch 110000 | Train Loss: 4.8205e-04 | Val Loss: 1.1417e-03 | LR: 1.00e-04
Epoch 110500 | Train Loss: 4.7916e-04 | Val Loss: 1.1862e-03 | LR: 1.00e-04
Epoch 111000 | Train Loss: 4.7634e-04 | Val Loss: 1.1753e-03 | LR: 1.00e-04
Epoch 111500 | Train Loss: 4.7392e-04 | Val Loss: 1.1580e-03 | LR: 1.00e-04
Epoch 112000 | Train Loss: 4.7145e-04 | Val Loss: 1.1537e-03 | LR: 1.00e-04
Epoch 112500 | Train Loss: 4.7171e-04 | Val Loss: 1.1280e-03 | LR: 1.00e-04
Epoch 113000 | Train Loss: 4.6956e-04 | Val Loss: 1.1346e-03 | LR: 1.00e-04
Epoch 113500 | Train Loss: 4.6465e-04 | Val Loss: 1.1643e-03 | LR: 1.00e-04
Epoch 114000 | Train Loss: 4.6434e-04 | Val Loss: 1.1063e-03 | LR: 1.00e-04
Epoch 114500 | Train Loss: 4.6010e-04 | Val Loss: 1.1128e-03 | LR: 1.00e-04
Epoch 115000 | Train Loss: 4.5791e-04 | Val Loss: 1.0935e-03 | LR: 1.00e-04
Epoch 115500 | Train Loss: 4.5595e-04 | Val Loss: 1.1468e-03 | LR: 1.00e-04
Epoch 116000 | Train Loss: 4.5412e-04 | Val Loss: 1.1149e-03 | LR: 1.00e-04
Epoch 116500 | Train Loss: 4.5128e-04 | Val Loss: 1.1355e-03 | LR: 1.00e-04
Epoch 117000 | Train Loss: 4.4910e-04 | Val Loss: 1.0805e-03 | LR: 1.00e-04
Epoch 117500 | Train Loss: 4.4677e-04 | Val Loss: 1.0978e-03 | LR: 1.00e-04
Epoch 118000 | Train Loss: 4.4533e-04 | Val Loss: 1.0713e-03 | LR: 1.00e-04
Epoch 118500 | Train Loss: 4.4282e-04 | Val Loss: 1.0812e-03 | LR: 1.00e-04
Epoch 119000 | Train Loss: 4.4056e-04 | Val Loss: 1.0680e-03 | LR: 1.00e-04
Epoch 119500 | Train Loss: 4.3856e-04 | Val Loss: 1.0719e-03 | LR: 1.00e-04
Epoch 120000 | Train Loss: 4.3693e-04 | Val Loss: 1.0779e-03 | LR: 1.00e-04
Epoch 120500 | Train Loss: 4.3471e-04 | Val Loss: 1.1092e-03 | LR: 1.00e-04
Epoch 121000 | Train Loss: 4.3281e-04 | Val Loss: 1.0939e-03 | LR: 1.00e-04
Epoch 121500 | Train Loss: 4.3174e-04 | Val Loss: 1.0582e-03 | LR: 1.00e-04
Epoch 122000 | Train Loss: 4.2862e-04 | Val Loss: 1.0397e-03 | LR: 1.00e-04
Epoch 122500 | Train Loss: 4.2715e-04 | Val Loss: 1.0136e-03 | LR: 1.00e-04
Epoch 123000 | Train Loss: 4.2472e-04 | Val Loss: 1.0457e-03 | LR: 1.00e-04
Epoch 123500 | Train Loss: 4.2284e-04 | Val Loss: 1.0268e-03 | LR: 1.00e-04
Epoch 124000 | Train Loss: 4.2140e-04 | Val Loss: 1.0511e-03 | LR: 1.00e-04
Epoch 124500 | Train Loss: 4.1974e-04 | Val Loss: 1.0008e-03 | LR: 1.00e-04
Epoch 125000 | Train Loss: 4.1720e-04 | Val Loss: 9.8965e-04 | LR: 1.00e-04
Epoch 125500 | Train Loss: 4.1551e-04 | Val Loss: 9.9753e-04 | LR: 1.00e-04
Epoch 126000 | Train Loss: 4.1430e-04 | Val Loss: 9.8862e-04 | LR: 1.00e-04
Epoch 126500 | Train Loss: 4.1214e-04 | Val Loss: 1.0180e-03 | LR: 1.00e-04
Epoch 127000 | Train Loss: 4.0983e-04 | Val Loss: 1.0085e-03 | LR: 1.00e-04
Epoch 127500 | Train Loss: 4.1028e-04 | Val Loss: 1.0007e-03 | LR: 1.00e-04
Epoch 128000 | Train Loss: 4.0636e-04 | Val Loss: 9.6017e-04 | LR: 1.00e-04
Epoch 128500 | Train Loss: 4.0464e-04 | Val Loss: 9.5631e-04 | LR: 1.00e-04
Epoch 129000 | Train Loss: 4.0296e-04 | Val Loss: 9.4598e-04 | LR: 1.00e-04
Epoch 129500 | Train Loss: 4.0064e-04 | Val Loss: 9.4207e-04 | LR: 1.00e-04
Epoch 130000 | Train Loss: 3.9871e-04 | Val Loss: 9.5190e-04 | LR: 1.00e-04
Epoch 130500 | Train Loss: 3.9760e-04 | Val Loss: 9.5150e-04 | LR: 1.00e-04
Epoch 131000 | Train Loss: 3.9648e-04 | Val Loss: 9.4901e-04 | LR: 1.00e-04
Epoch 131500 | Train Loss: 3.9328e-04 | Val Loss: 9.3819e-04 | LR: 1.00e-04
Epoch 132000 | Train Loss: 3.9148e-04 | Val Loss: 9.1010e-04 | LR: 1.00e-04
Epoch 132500 | Train Loss: 3.8987e-04 | Val Loss: 9.3395e-04 | LR: 1.00e-04
Epoch 133000 | Train Loss: 3.8816e-04 | Val Loss: 9.4358e-04 | LR: 1.00e-04
Epoch 133500 | Train Loss: 3.8589e-04 | Val Loss: 9.0119e-04 | LR: 1.00e-04
Epoch 134000 | Train Loss: 3.8585e-04 | Val Loss: 9.5138e-04 | LR: 1.00e-04
Epoch 134500 | Train Loss: 3.8216e-04 | Val Loss: 8.8243e-04 | LR: 1.00e-04
Epoch 135000 | Train Loss: 3.8035e-04 | Val Loss: 8.6281e-04 | LR: 1.00e-04
Epoch 135500 | Train Loss: 3.7839e-04 | Val Loss: 8.5869e-04 | LR: 1.00e-04
Epoch 136000 | Train Loss: 3.7572e-04 | Val Loss: 8.8070e-04 | LR: 1.00e-04
Epoch 136500 | Train Loss: 3.7427e-04 | Val Loss: 8.6734e-04 | LR: 1.00e-04
Epoch 137000 | Train Loss: 3.7341e-04 | Val Loss: 8.3094e-04 | LR: 1.00e-04
Epoch 137500 | Train Loss: 3.7020e-04 | Val Loss: 8.4497e-04 | LR: 1.00e-04
Epoch 138000 | Train Loss: 3.6876e-04 | Val Loss: 8.4640e-04 | LR: 1.00e-04
Epoch 138500 | Train Loss: 3.6721e-04 | Val Loss: 8.5927e-04 | LR: 1.00e-04
Epoch 139000 | Train Loss: 3.6619e-04 | Val Loss: 8.6586e-04 | LR: 1.00e-04
Epoch 139500 | Train Loss: 3.6483e-04 | Val Loss: 8.3782e-04 | LR: 1.00e-04
Epoch 140000 | Train Loss: 3.6355e-04 | Val Loss: 8.3154e-04 | LR: 1.00e-04
Epoch 140500 | Train Loss: 3.6184e-04 | Val Loss: 8.3112e-04 | LR: 1.00e-04
Epoch 141000 | Train Loss: 3.6077e-04 | Val Loss: 8.5592e-04 | LR: 1.00e-04
Epoch 141500 | Train Loss: 3.5947e-04 | Val Loss: 8.7584e-04 | LR: 1.00e-04
Epoch 142000 | Train Loss: 3.5766e-04 | Val Loss: 8.4533e-04 | LR: 1.00e-04
Epoch 142500 | Train Loss: 3.5638e-04 | Val Loss: 8.4033e-04 | LR: 1.00e-04
Epoch 143000 | Train Loss: 3.5589e-04 | Val Loss: 8.2101e-04 | LR: 1.00e-04
Epoch 143500 | Train Loss: 3.5398e-04 | Val Loss: 8.1904e-04 | LR: 1.00e-04
Epoch 144000 | Train Loss: 3.5283e-04 | Val Loss: 8.2036e-04 | LR: 1.00e-04
Epoch 144500 | Train Loss: 3.5206e-04 | Val Loss: 8.1531e-04 | LR: 1.00e-04
Epoch 145000 | Train Loss: 3.5094e-04 | Val Loss: 8.2267e-04 | LR: 1.00e-04
Epoch 145500 | Train Loss: 3.4885e-04 | Val Loss: 8.2445e-04 | LR: 1.00e-04
Epoch 146000 | Train Loss: 3.4807e-04 | Val Loss: 8.2535e-04 | LR: 1.00e-04
Epoch 146500 | Train Loss: 3.4681e-04 | Val Loss: 8.0757e-04 | LR: 1.00e-04
Epoch 147000 | Train Loss: 3.4630e-04 | Val Loss: 7.8498e-04 | LR: 1.00e-04
Epoch 147500 | Train Loss: 3.4442e-04 | Val Loss: 8.0796e-04 | LR: 1.00e-04
Epoch 148000 | Train Loss: 3.4301e-04 | Val Loss: 8.0140e-04 | LR: 1.00e-04
Epoch 148500 | Train Loss: 3.4207e-04 | Val Loss: 7.8885e-04 | LR: 1.00e-04
Epoch 149000 | Train Loss: 3.4090e-04 | Val Loss: 8.0899e-04 | LR: 1.00e-04
Epoch 149500 | Train Loss: 3.3961e-04 | Val Loss: 8.2681e-04 | LR: 1.00e-04
Epoch 150000 | Train Loss: 3.3894e-04 | Val Loss: 7.7934e-04 | LR: 1.00e-04
Epoch 150500 | Train Loss: 3.3745e-04 | Val Loss: 7.8992e-04 | LR: 1.00e-04
Epoch 151000 | Train Loss: 3.3641e-04 | Val Loss: 7.9069e-04 | LR: 1.00e-04
Epoch 151500 | Train Loss: 3.3531e-04 | Val Loss: 7.8355e-04 | LR: 1.00e-04
Epoch 152000 | Train Loss: 3.3449e-04 | Val Loss: 7.8685e-04 | LR: 1.00e-04
Epoch 152500 | Train Loss: 3.3323e-04 | Val Loss: 8.0993e-04 | LR: 1.00e-04
Epoch 153000 | Train Loss: 3.3288e-04 | Val Loss: 7.9862e-04 | LR: 1.00e-04
Epoch 153500 | Train Loss: 3.3130e-04 | Val Loss: 8.0153e-04 | LR: 1.00e-04
Epoch 154000 | Train Loss: 3.3026e-04 | Val Loss: 7.7619e-04 | LR: 1.00e-04
Epoch 154500 | Train Loss: 3.2908e-04 | Val Loss: 7.6834e-04 | LR: 1.00e-04
Epoch 155000 | Train Loss: 3.2890e-04 | Val Loss: 8.2025e-04 | LR: 1.00e-04
Epoch 155500 | Train Loss: 3.2715e-04 | Val Loss: 7.8415e-04 | LR: 1.00e-04
Epoch 156000 | Train Loss: 3.2660e-04 | Val Loss: 8.1023e-04 | LR: 1.00e-04
Epoch 156500 | Train Loss: 3.2515e-04 | Val Loss: 7.5887e-04 | LR: 1.00e-04
Epoch 157000 | Train Loss: 3.2442e-04 | Val Loss: 7.8780e-04 | LR: 1.00e-04
Epoch 157500 | Train Loss: 3.2328e-04 | Val Loss: 7.6288e-04 | LR: 1.00e-04
Epoch 158000 | Train Loss: 3.2255e-04 | Val Loss: 7.6278e-04 | LR: 1.00e-04
Epoch 158500 | Train Loss: 3.2174e-04 | Val Loss: 7.8237e-04 | LR: 1.00e-04
Epoch 159000 | Train Loss: 3.2031e-04 | Val Loss: 7.5673e-04 | LR: 1.00e-04
Epoch 159500 | Train Loss: 3.1976e-04 | Val Loss: 7.5855e-04 | LR: 1.00e-04
Epoch 160000 | Train Loss: 3.1833e-04 | Val Loss: 7.6244e-04 | LR: 1.00e-04
Epoch 160500 | Train Loss: 3.1808e-04 | Val Loss: 7.4864e-04 | LR: 1.00e-04
Epoch 161000 | Train Loss: 3.1655e-04 | Val Loss: 7.7877e-04 | LR: 1.00e-04
Epoch 161500 | Train Loss: 3.1572e-04 | Val Loss: 7.4435e-04 | LR: 1.00e-04
Epoch 162000 | Train Loss: 3.1493e-04 | Val Loss: 7.5281e-04 | LR: 1.00e-04
Epoch 162500 | Train Loss: 3.1370e-04 | Val Loss: 7.3364e-04 | LR: 1.00e-04
Epoch 163000 | Train Loss: 3.1260e-04 | Val Loss: 7.4943e-04 | LR: 1.00e-04
Epoch 163500 | Train Loss: 3.1213e-04 | Val Loss: 7.7447e-04 | LR: 1.00e-04
Epoch 164000 | Train Loss: 3.1076e-04 | Val Loss: 7.3331e-04 | LR: 1.00e-04
Epoch 164500 | Train Loss: 3.1019e-04 | Val Loss: 7.1683e-04 | LR: 1.00e-04
Epoch 165000 | Train Loss: 3.0961e-04 | Val Loss: 7.8350e-04 | LR: 1.00e-04
Epoch 165500 | Train Loss: 3.0861e-04 | Val Loss: 7.4246e-04 | LR: 1.00e-04
Epoch 166000 | Train Loss: 3.0752e-04 | Val Loss: 7.1333e-04 | LR: 1.00e-04
Epoch 166500 | Train Loss: 3.0751e-04 | Val Loss: 7.6188e-04 | LR: 1.00e-04
Epoch 167000 | Train Loss: 3.0564e-04 | Val Loss: 7.1691e-04 | LR: 1.00e-04
Epoch 167500 | Train Loss: 3.0475e-04 | Val Loss: 7.2946e-04 | LR: 1.00e-04
Epoch 168000 | Train Loss: 3.0419e-04 | Val Loss: 7.0797e-04 | LR: 1.00e-04
Epoch 168500 | Train Loss: 3.0360e-04 | Val Loss: 7.2276e-04 | LR: 1.00e-04
Epoch 169000 | Train Loss: 3.0247e-04 | Val Loss: 7.0771e-04 | LR: 1.00e-04
Epoch 169500 | Train Loss: 3.0153e-04 | Val Loss: 7.0714e-04 | LR: 1.00e-04
Epoch 170000 | Train Loss: 3.0071e-04 | Val Loss: 7.1098e-04 | LR: 1.00e-04
Epoch 170500 | Train Loss: 3.0029e-04 | Val Loss: 7.1648e-04 | LR: 1.00e-04
Epoch 171000 | Train Loss: 2.9926e-04 | Val Loss: 7.1591e-04 | LR: 1.00e-04
Epoch 171500 | Train Loss: 2.9815e-04 | Val Loss: 7.0815e-04 | LR: 1.00e-04
Epoch 172000 | Train Loss: 2.9809e-04 | Val Loss: 7.0223e-04 | LR: 1.00e-04
Epoch 172500 | Train Loss: 2.9695e-04 | Val Loss: 7.3280e-04 | LR: 1.00e-04
Epoch 173000 | Train Loss: 2.9634e-04 | Val Loss: 6.8793e-04 | LR: 1.00e-04
Epoch 173500 | Train Loss: 2.9540e-04 | Val Loss: 7.2178e-04 | LR: 1.00e-04
Epoch 174000 | Train Loss: 2.9417e-04 | Val Loss: 6.9635e-04 | LR: 1.00e-04
Epoch 174500 | Train Loss: 2.9424e-04 | Val Loss: 6.9754e-04 | LR: 1.00e-04
Epoch 175000 | Train Loss: 2.9272e-04 | Val Loss: 6.8323e-04 | LR: 1.00e-04
Epoch 175500 | Train Loss: 2.9205e-04 | Val Loss: 7.0717e-04 | LR: 1.00e-04
Epoch 176000 | Train Loss: 2.9133e-04 | Val Loss: 6.8957e-04 | LR: 1.00e-04
Epoch 176500 | Train Loss: 2.9110e-04 | Val Loss: 6.7897e-04 | LR: 1.00e-04
Epoch 177000 | Train Loss: 2.9019e-04 | Val Loss: 6.8276e-04 | LR: 1.00e-04
Epoch 177500 | Train Loss: 2.8879e-04 | Val Loss: 6.8855e-04 | LR: 1.00e-04
Epoch 178000 | Train Loss: 2.8853e-04 | Val Loss: 6.7458e-04 | LR: 1.00e-04
Epoch 178500 | Train Loss: 2.8867e-04 | Val Loss: 6.9819e-04 | LR: 1.00e-04
Epoch 179000 | Train Loss: 2.8717e-04 | Val Loss: 6.8679e-04 | LR: 1.00e-04
Epoch 179500 | Train Loss: 2.8592e-04 | Val Loss: 6.7815e-04 | LR: 1.00e-04
Epoch 180000 | Train Loss: 2.8541e-04 | Val Loss: 6.8210e-04 | LR: 1.00e-04
Epoch 180500 | Train Loss: 2.8435e-04 | Val Loss: 6.8134e-04 | LR: 1.00e-04
Epoch 181000 | Train Loss: 2.8428e-04 | Val Loss: 6.8146e-04 | LR: 1.00e-04
Epoch 181500 | Train Loss: 2.8357e-04 | Val Loss: 6.9635e-04 | LR: 1.00e-04
Epoch 182000 | Train Loss: 2.8231e-04 | Val Loss: 6.7713e-04 | LR: 1.00e-04
Epoch 182500 | Train Loss: 2.8163e-04 | Val Loss: 6.7608e-04 | LR: 1.00e-04
Epoch 183000 | Train Loss: 2.8133e-04 | Val Loss: 6.5487e-04 | LR: 1.00e-04
Epoch 183500 | Train Loss: 2.8035e-04 | Val Loss: 6.5368e-04 | LR: 1.00e-04
Epoch 184000 | Train Loss: 2.7978e-04 | Val Loss: 6.7840e-04 | LR: 1.00e-04
Epoch 184500 | Train Loss: 2.7876e-04 | Val Loss: 6.6931e-04 | LR: 1.00e-04
Epoch 185000 | Train Loss: 2.7814e-04 | Val Loss: 6.6417e-04 | LR: 1.00e-04
Epoch 185500 | Train Loss: 2.7764e-04 | Val Loss: 6.7902e-04 | LR: 1.00e-04
Epoch 186000 | Train Loss: 2.7683e-04 | Val Loss: 6.6487e-04 | LR: 1.00e-04
Epoch 186500 | Train Loss: 2.7601e-04 | Val Loss: 6.5256e-04 | LR: 1.00e-04
Epoch 187000 | Train Loss: 2.7578e-04 | Val Loss: 6.5676e-04 | LR: 1.00e-04
Epoch 187500 | Train Loss: 2.7467e-04 | Val Loss: 6.6410e-04 | LR: 1.00e-04
Epoch 188000 | Train Loss: 2.7415e-04 | Val Loss: 6.5216e-04 | LR: 1.00e-04
Epoch 188500 | Train Loss: 2.7399e-04 | Val Loss: 6.9309e-04 | LR: 1.00e-04
Epoch 189000 | Train Loss: 2.7298e-04 | Val Loss: 6.5979e-04 | LR: 1.00e-04
Epoch 189500 | Train Loss: 2.7211e-04 | Val Loss: 6.4285e-04 | LR: 1.00e-04
Epoch 190000 | Train Loss: 2.7126e-04 | Val Loss: 6.5071e-04 | LR: 1.00e-04
Epoch 190500 | Train Loss: 2.7081e-04 | Val Loss: 6.4530e-04 | LR: 1.00e-04
Epoch 191000 | Train Loss: 2.7058e-04 | Val Loss: 6.3598e-04 | LR: 1.00e-04
Epoch 191500 | Train Loss: 2.6944e-04 | Val Loss: 6.4844e-04 | LR: 1.00e-04
Epoch 192000 | Train Loss: 2.6884e-04 | Val Loss: 6.5096e-04 | LR: 1.00e-04
Epoch 192500 | Train Loss: 2.6816e-04 | Val Loss: 6.4984e-04 | LR: 1.00e-04
Epoch 193000 | Train Loss: 2.6815e-04 | Val Loss: 6.3532e-04 | LR: 1.00e-04
Epoch 193500 | Train Loss: 2.6699e-04 | Val Loss: 6.5021e-04 | LR: 1.00e-04
Epoch 194000 | Train Loss: 2.6597e-04 | Val Loss: 6.4214e-04 | LR: 1.00e-04
Epoch 194500 | Train Loss: 2.6614e-04 | Val Loss: 6.3177e-04 | LR: 1.00e-04
Epoch 195000 | Train Loss: 2.6530e-04 | Val Loss: 6.2959e-04 | LR: 1.00e-04
Epoch 195500 | Train Loss: 2.6443e-04 | Val Loss: 6.2921e-04 | LR: 1.00e-04
Epoch 196000 | Train Loss: 2.6368e-04 | Val Loss: 6.1788e-04 | LR: 1.00e-04
Epoch 196500 | Train Loss: 2.6325e-04 | Val Loss: 6.2179e-04 | LR: 1.00e-04
Epoch 197000 | Train Loss: 2.6273e-04 | Val Loss: 6.3175e-04 | LR: 1.00e-04
Epoch 197500 | Train Loss: 2.6193e-04 | Val Loss: 6.2815e-04 | LR: 1.00e-04
Epoch 198000 | Train Loss: 2.6115e-04 | Val Loss: 6.2616e-04 | LR: 1.00e-04
Epoch 198500 | Train Loss: 2.6055e-04 | Val Loss: 6.1969e-04 | LR: 1.00e-04
Epoch 199000 | Train Loss: 2.5982e-04 | Val Loss: 6.1803e-04 | LR: 1.00e-04
Epoch 199500 | Train Loss: 2.5933e-04 | Val Loss: 6.1690e-04 | LR: 1.00e-04
Epoch 200000 | Train Loss: 2.5867e-04 | Val Loss: 6.1365e-04 | LR: 1.00e-04
Epoch 200500 | Train Loss: 2.5789e-04 | Val Loss: 6.3267e-04 | LR: 1.00e-04
Epoch 201000 | Train Loss: 2.5745e-04 | Val Loss: 6.3899e-04 | LR: 1.00e-04
Epoch 201500 | Train Loss: 2.5734e-04 | Val Loss: 6.0868e-04 | LR: 1.00e-04
Epoch 202000 | Train Loss: 2.5646e-04 | Val Loss: 6.2429e-04 | LR: 1.00e-04
Epoch 202500 | Train Loss: 2.5612e-04 | Val Loss: 6.0068e-04 | LR: 1.00e-04
Epoch 203000 | Train Loss: 2.5540e-04 | Val Loss: 6.1029e-04 | LR: 1.00e-04
Epoch 203500 | Train Loss: 2.5609e-04 | Val Loss: 6.1047e-04 | LR: 1.00e-04
Epoch 204000 | Train Loss: 2.5391e-04 | Val Loss: 6.1011e-04 | LR: 1.00e-04
Epoch 204500 | Train Loss: 2.5387e-04 | Val Loss: 5.9891e-04 | LR: 1.00e-04
Epoch 205000 | Train Loss: 2.5304e-04 | Val Loss: 6.0227e-04 | LR: 1.00e-04
Epoch 205500 | Train Loss: 2.5292e-04 | Val Loss: 5.9608e-04 | LR: 1.00e-04
Epoch 206000 | Train Loss: 2.5199e-04 | Val Loss: 5.9136e-04 | LR: 1.00e-04
Epoch 206500 | Train Loss: 2.5128e-04 | Val Loss: 6.0044e-04 | LR: 1.00e-04
Epoch 207000 | Train Loss: 2.5099e-04 | Val Loss: 6.2920e-04 | LR: 1.00e-04
Epoch 207500 | Train Loss: 2.4995e-04 | Val Loss: 5.9826e-04 | LR: 1.00e-04
Epoch 208000 | Train Loss: 2.4998e-04 | Val Loss: 6.1266e-04 | LR: 1.00e-04
Epoch 208500 | Train Loss: 2.4898e-04 | Val Loss: 5.8635e-04 | LR: 1.00e-04
Epoch 209000 | Train Loss: 2.4858e-04 | Val Loss: 5.9031e-04 | LR: 1.00e-04
Epoch 209500 | Train Loss: 2.4765e-04 | Val Loss: 5.9376e-04 | LR: 1.00e-04
Epoch 210000 | Train Loss: 2.4747e-04 | Val Loss: 5.9440e-04 | LR: 1.00e-04
Epoch 210500 | Train Loss: 2.4655e-04 | Val Loss: 5.9467e-04 | LR: 1.00e-04
Epoch 211000 | Train Loss: 2.4652e-04 | Val Loss: 5.9808e-04 | LR: 1.00e-04
Epoch 211500 | Train Loss: 2.4525e-04 | Val Loss: 5.8570e-04 | LR: 1.00e-04
Epoch 212000 | Train Loss: 2.4563e-04 | Val Loss: 5.9982e-04 | LR: 1.00e-04
Epoch 212500 | Train Loss: 2.4482e-04 | Val Loss: 5.9754e-04 | LR: 1.00e-04
Epoch 213000 | Train Loss: 2.4400e-04 | Val Loss: 5.8180e-04 | LR: 1.00e-04
Epoch 213500 | Train Loss: 2.4429e-04 | Val Loss: 5.7029e-04 | LR: 1.00e-04
Epoch 214000 | Train Loss: 2.4286e-04 | Val Loss: 5.7584e-04 | LR: 1.00e-04
Epoch 214500 | Train Loss: 2.4240e-04 | Val Loss: 6.0509e-04 | LR: 1.00e-04
Epoch 215000 | Train Loss: 2.4187e-04 | Val Loss: 5.8796e-04 | LR: 1.00e-04
Epoch 215500 | Train Loss: 2.4170e-04 | Val Loss: 5.6713e-04 | LR: 1.00e-04
Epoch 216000 | Train Loss: 2.4038e-04 | Val Loss: 5.6957e-04 | LR: 1.00e-04
Epoch 216500 | Train Loss: 2.4057e-04 | Val Loss: 5.8032e-04 | LR: 1.00e-04
Epoch 217000 | Train Loss: 2.3944e-04 | Val Loss: 5.8401e-04 | LR: 1.00e-04
Epoch 217500 | Train Loss: 2.3962e-04 | Val Loss: 5.9308e-04 | LR: 1.00e-04
Epoch 218000 | Train Loss: 2.3866e-04 | Val Loss: 5.7072e-04 | LR: 1.00e-04
Epoch 218500 | Train Loss: 2.3931e-04 | Val Loss: 5.5877e-04 | LR: 1.00e-04
Epoch 219000 | Train Loss: 2.3742e-04 | Val Loss: 5.8712e-04 | LR: 1.00e-04
Epoch 219500 | Train Loss: 2.3745e-04 | Val Loss: 5.5851e-04 | LR: 1.00e-04
Epoch 220000 | Train Loss: 2.3671e-04 | Val Loss: 5.6387e-04 | LR: 1.00e-04
Epoch 220500 | Train Loss: 2.3634e-04 | Val Loss: 5.5752e-04 | LR: 1.00e-04
Epoch 221000 | Train Loss: 2.3537e-04 | Val Loss: 5.6098e-04 | LR: 1.00e-04
Epoch 221500 | Train Loss: 2.3469e-04 | Val Loss: 5.6664e-04 | LR: 1.00e-04
Epoch 222000 | Train Loss: 2.3423e-04 | Val Loss: 5.6531e-04 | LR: 1.00e-04
Epoch 222500 | Train Loss: 2.3419e-04 | Val Loss: 5.6184e-04 | LR: 1.00e-04
Epoch 223000 | Train Loss: 2.3330e-04 | Val Loss: 5.6838e-04 | LR: 1.00e-04
Epoch 223500 | Train Loss: 2.3270e-04 | Val Loss: 5.6097e-04 | LR: 1.00e-04
Epoch 224000 | Train Loss: 2.3238e-04 | Val Loss: 5.4722e-04 | LR: 1.00e-04
Epoch 224500 | Train Loss: 2.3198e-04 | Val Loss: 5.6249e-04 | LR: 1.00e-04
Epoch 225000 | Train Loss: 2.3159e-04 | Val Loss: 5.5936e-04 | LR: 1.00e-04
Epoch 225500 | Train Loss: 2.3159e-04 | Val Loss: 5.4086e-04 | LR: 1.00e-04
Epoch 226000 | Train Loss: 2.3042e-04 | Val Loss: 5.4627e-04 | LR: 1.00e-04
Epoch 226500 | Train Loss: 2.2974e-04 | Val Loss: 5.5250e-04 | LR: 1.00e-04
Epoch 227000 | Train Loss: 2.2912e-04 | Val Loss: 5.4762e-04 | LR: 1.00e-04
Epoch 227500 | Train Loss: 2.2912e-04 | Val Loss: 5.5514e-04 | LR: 1.00e-04
Epoch 228000 | Train Loss: 2.2836e-04 | Val Loss: 5.5261e-04 | LR: 1.00e-04
Epoch 228500 | Train Loss: 2.2839e-04 | Val Loss: 5.5170e-04 | LR: 1.00e-04
Epoch 229000 | Train Loss: 2.2748e-04 | Val Loss: 5.3858e-04 | LR: 1.00e-04
Epoch 229500 | Train Loss: 2.2671e-04 | Val Loss: 5.4012e-04 | LR: 1.00e-04
Epoch 230000 | Train Loss: 2.2648e-04 | Val Loss: 5.4464e-04 | LR: 1.00e-04
Epoch 230500 | Train Loss: 2.2667e-04 | Val Loss: 5.2896e-04 | LR: 1.00e-04
Epoch 231000 | Train Loss: 2.2553e-04 | Val Loss: 5.4123e-04 | LR: 1.00e-04
Epoch 231500 | Train Loss: 2.2519e-04 | Val Loss: 5.2576e-04 | LR: 1.00e-04
Epoch 232000 | Train Loss: 2.2479e-04 | Val Loss: 5.3276e-04 | LR: 1.00e-04
Epoch 232500 | Train Loss: 2.2403e-04 | Val Loss: 5.4735e-04 | LR: 1.00e-04
Epoch 233000 | Train Loss: 2.2362e-04 | Val Loss: 5.2966e-04 | LR: 1.00e-04
Epoch 233500 | Train Loss: 2.2321e-04 | Val Loss: 5.3375e-04 | LR: 1.00e-04
Epoch 234000 | Train Loss: 2.2260e-04 | Val Loss: 5.3262e-04 | LR: 1.00e-04
Epoch 234500 | Train Loss: 2.2224e-04 | Val Loss: 5.3148e-04 | LR: 1.00e-04
Epoch 235000 | Train Loss: 2.2170e-04 | Val Loss: 5.3451e-04 | LR: 1.00e-04
Epoch 235500 | Train Loss: 2.2111e-04 | Val Loss: 5.2756e-04 | LR: 1.00e-04
Epoch 236000 | Train Loss: 2.2046e-04 | Val Loss: 5.2780e-04 | LR: 1.00e-04
Epoch 236500 | Train Loss: 2.2018e-04 | Val Loss: 5.3081e-04 | LR: 1.00e-04
Epoch 237000 | Train Loss: 2.1995e-04 | Val Loss: 5.1956e-04 | LR: 1.00e-04
Epoch 237500 | Train Loss: 2.1943e-04 | Val Loss: 5.3137e-04 | LR: 1.00e-04
Epoch 238000 | Train Loss: 2.1886e-04 | Val Loss: 5.2350e-04 | LR: 1.00e-04
Epoch 238500 | Train Loss: 2.1829e-04 | Val Loss: 5.2511e-04 | LR: 1.00e-04
Epoch 239000 | Train Loss: 2.1806e-04 | Val Loss: 5.1491e-04 | LR: 1.00e-04
Epoch 239500 | Train Loss: 2.1760e-04 | Val Loss: 5.1965e-04 | LR: 1.00e-04
Epoch 240000 | Train Loss: 2.1697e-04 | Val Loss: 5.3267e-04 | LR: 1.00e-04
Epoch 240500 | Train Loss: 2.1678e-04 | Val Loss: 5.2839e-04 | LR: 1.00e-04
Epoch 241000 | Train Loss: 2.1662e-04 | Val Loss: 5.1242e-04 | LR: 1.00e-04
Epoch 241500 | Train Loss: 2.1827e-04 | Val Loss: 5.2798e-04 | LR: 1.00e-04
Epoch 242000 | Train Loss: 2.1582e-04 | Val Loss: 5.0599e-04 | LR: 1.00e-04
Epoch 242500 | Train Loss: 2.1535e-04 | Val Loss: 5.0504e-04 | LR: 1.00e-04
Epoch 243000 | Train Loss: 2.1525e-04 | Val Loss: 5.1446e-04 | LR: 1.00e-04
Epoch 243500 | Train Loss: 2.1367e-04 | Val Loss: 5.0994e-04 | LR: 1.00e-04
Epoch 244000 | Train Loss: 2.1394e-04 | Val Loss: 5.1268e-04 | LR: 1.00e-04
Epoch 244500 | Train Loss: 2.1306e-04 | Val Loss: 5.1165e-04 | LR: 1.00e-04
Epoch 245000 | Train Loss: 2.1283e-04 | Val Loss: 5.2023e-04 | LR: 1.00e-04
Epoch 245500 | Train Loss: 2.1231e-04 | Val Loss: 5.1769e-04 | LR: 1.00e-04
Epoch 246000 | Train Loss: 2.1246e-04 | Val Loss: 4.9544e-04 | LR: 1.00e-04
Epoch 246500 | Train Loss: 2.1182e-04 | Val Loss: 4.9785e-04 | LR: 1.00e-04
Epoch 247000 | Train Loss: 2.1102e-04 | Val Loss: 5.1678e-04 | LR: 1.00e-04
Epoch 247500 | Train Loss: 2.1046e-04 | Val Loss: 5.0207e-04 | LR: 1.00e-04
Epoch 248000 | Train Loss: 2.0990e-04 | Val Loss: 5.0981e-04 | LR: 1.00e-04
Epoch 248500 | Train Loss: 2.0958e-04 | Val Loss: 5.0360e-04 | LR: 1.00e-04
Epoch 249000 | Train Loss: 2.0908e-04 | Val Loss: 5.0062e-04 | LR: 1.00e-04
Epoch 249500 | Train Loss: 2.0920e-04 | Val Loss: 5.1067e-04 | LR: 1.00e-04
Epoch 250000 | Train Loss: 2.0881e-04 | Val Loss: 4.9068e-04 | LR: 1.00e-04
Epoch 250500 | Train Loss: 2.0860e-04 | Val Loss: 4.8961e-04 | LR: 1.00e-04
Epoch 251000 | Train Loss: 2.0754e-04 | Val Loss: 4.9445e-04 | LR: 1.00e-04
Epoch 251500 | Train Loss: 2.0738e-04 | Val Loss: 4.8902e-04 | LR: 1.00e-04
Epoch 252000 | Train Loss: 2.0678e-04 | Val Loss: 4.9258e-04 | LR: 1.00e-04
Epoch 252500 | Train Loss: 2.0643e-04 | Val Loss: 4.9193e-04 | LR: 1.00e-04
Epoch 253000 | Train Loss: 2.0580e-04 | Val Loss: 4.8652e-04 | LR: 1.00e-04
Epoch 253500 | Train Loss: 2.0580e-04 | Val Loss: 4.8649e-04 | LR: 1.00e-04
Epoch 254000 | Train Loss: 2.0518e-04 | Val Loss: 4.9276e-04 | LR: 1.00e-04
Epoch 254500 | Train Loss: 2.0468e-04 | Val Loss: 4.8573e-04 | LR: 1.00e-04
Epoch 255000 | Train Loss: 2.0481e-04 | Val Loss: 4.8257e-04 | LR: 1.00e-04
Epoch 255500 | Train Loss: 2.0475e-04 | Val Loss: 5.0322e-04 | LR: 1.00e-04
Epoch 256000 | Train Loss: 2.0395e-04 | Val Loss: 4.8222e-04 | LR: 1.00e-04
Epoch 256500 | Train Loss: 2.0320e-04 | Val Loss: 4.8455e-04 | LR: 1.00e-04
Epoch 257000 | Train Loss: 2.0309e-04 | Val Loss: 4.9239e-04 | LR: 1.00e-04
Epoch 257500 | Train Loss: 2.0273e-04 | Val Loss: 4.7935e-04 | LR: 1.00e-04
Epoch 258000 | Train Loss: 2.0225e-04 | Val Loss: 4.7833e-04 | LR: 1.00e-04
Epoch 258500 | Train Loss: 2.0190e-04 | Val Loss: 4.9652e-04 | LR: 1.00e-04
Epoch 259000 | Train Loss: 2.0165e-04 | Val Loss: 4.8969e-04 | LR: 1.00e-04
Epoch 259500 | Train Loss: 2.0121e-04 | Val Loss: 4.8919e-04 | LR: 1.00e-04
Epoch 260000 | Train Loss: 2.0059e-04 | Val Loss: 4.7341e-04 | LR: 1.00e-04
Epoch 260500 | Train Loss: 2.0016e-04 | Val Loss: 4.8194e-04 | LR: 1.00e-04
Epoch 261000 | Train Loss: 2.0067e-04 | Val Loss: 4.7239e-04 | LR: 1.00e-04
Epoch 261500 | Train Loss: 1.9990e-04 | Val Loss: 4.9246e-04 | LR: 1.00e-04
Epoch 262000 | Train Loss: 1.9981e-04 | Val Loss: 4.6930e-04 | LR: 1.00e-04
Epoch 262500 | Train Loss: 1.9894e-04 | Val Loss: 4.8769e-04 | LR: 1.00e-04
Epoch 263000 | Train Loss: 1.9841e-04 | Val Loss: 4.7890e-04 | LR: 1.00e-04
Epoch 263500 | Train Loss: 1.9817e-04 | Val Loss: 4.6534e-04 | LR: 1.00e-04
Epoch 264000 | Train Loss: 1.9753e-04 | Val Loss: 4.6451e-04 | LR: 1.00e-04
Epoch 264500 | Train Loss: 1.9755e-04 | Val Loss: 4.7234e-04 | LR: 1.00e-04
Epoch 265000 | Train Loss: 1.9695e-04 | Val Loss: 4.7255e-04 | LR: 1.00e-04
Epoch 265500 | Train Loss: 1.9651e-04 | Val Loss: 4.6792e-04 | LR: 1.00e-04
Epoch 266000 | Train Loss: 1.9619e-04 | Val Loss: 4.7311e-04 | LR: 1.00e-04
Epoch 266500 | Train Loss: 1.9649e-04 | Val Loss: 4.7197e-04 | LR: 1.00e-04
Epoch 267000 | Train Loss: 1.9546e-04 | Val Loss: 4.7461e-04 | LR: 1.00e-04
Epoch 267500 | Train Loss: 1.9582e-04 | Val Loss: 4.5825e-04 | LR: 1.00e-04
Epoch 268000 | Train Loss: 1.9570e-04 | Val Loss: 4.6670e-04 | LR: 1.00e-04
Epoch 268500 | Train Loss: 1.9459e-04 | Val Loss: 4.6544e-04 | LR: 1.00e-04
Epoch 269000 | Train Loss: 1.9411e-04 | Val Loss: 4.6196e-04 | LR: 1.00e-04
Epoch 269500 | Train Loss: 1.9567e-04 | Val Loss: 4.5513e-04 | LR: 1.00e-04
Epoch 270000 | Train Loss: 1.9343e-04 | Val Loss: 4.6468e-04 | LR: 1.00e-04
Epoch 270500 | Train Loss: 1.9580e-04 | Val Loss: 4.9025e-04 | LR: 1.00e-04
Epoch 271000 | Train Loss: 1.9327e-04 | Val Loss: 4.7527e-04 | LR: 1.00e-04
Epoch 271500 | Train Loss: 1.9274e-04 | Val Loss: 4.6240e-04 | LR: 1.00e-04
Epoch 272000 | Train Loss: 1.9295e-04 | Val Loss: 4.5401e-04 | LR: 1.00e-04
Epoch 272500 | Train Loss: 1.9192e-04 | Val Loss: 4.5462e-04 | LR: 1.00e-04
Epoch 273000 | Train Loss: 1.9173e-04 | Val Loss: 4.5982e-04 | LR: 1.00e-04
Epoch 273500 | Train Loss: 1.9158e-04 | Val Loss: 4.5409e-04 | LR: 1.00e-04
Epoch 274000 | Train Loss: 1.9138e-04 | Val Loss: 4.4877e-04 | LR: 1.00e-04
Epoch 274500 | Train Loss: 1.9076e-04 | Val Loss: 4.5419e-04 | LR: 1.00e-04
Epoch 275000 | Train Loss: 1.9099e-04 | Val Loss: 4.5065e-04 | LR: 1.00e-04
Epoch 275500 | Train Loss: 1.9061e-04 | Val Loss: 4.4644e-04 | LR: 1.00e-04
Epoch 276000 | Train Loss: 1.9001e-04 | Val Loss: 4.5601e-04 | LR: 1.00e-04
Epoch 276500 | Train Loss: 1.8944e-04 | Val Loss: 4.4679e-04 | LR: 1.00e-04
Epoch 277000 | Train Loss: 1.8915e-04 | Val Loss: 4.5176e-04 | LR: 1.00e-04
Epoch 277500 | Train Loss: 1.8958e-04 | Val Loss: 4.6292e-04 | LR: 1.00e-04
Epoch 278000 | Train Loss: 1.8889e-04 | Val Loss: 4.4415e-04 | LR: 1.00e-04
Epoch 278500 | Train Loss: 1.8907e-04 | Val Loss: 4.4111e-04 | LR: 1.00e-04
Epoch 279000 | Train Loss: 1.8809e-04 | Val Loss: 4.4769e-04 | LR: 1.00e-04
Epoch 279500 | Train Loss: 1.8785e-04 | Val Loss: 4.4648e-04 | LR: 1.00e-04
Epoch 280000 | Train Loss: 1.8754e-04 | Val Loss: 4.4584e-04 | LR: 1.00e-04
Epoch 280500 | Train Loss: 1.8707e-04 | Val Loss: 4.5189e-04 | LR: 1.00e-04
Epoch 281000 | Train Loss: 1.8719e-04 | Val Loss: 4.4608e-04 | LR: 1.00e-04
Epoch 281500 | Train Loss: 1.8693e-04 | Val Loss: 4.4849e-04 | LR: 1.00e-04
Epoch 282000 | Train Loss: 1.8626e-04 | Val Loss: 4.4014e-04 | LR: 1.00e-04
Epoch 282500 | Train Loss: 1.8613e-04 | Val Loss: 4.4264e-04 | LR: 1.00e-04
Epoch 283000 | Train Loss: 1.8599e-04 | Val Loss: 4.5543e-04 | LR: 1.00e-04
Epoch 283500 | Train Loss: 1.8584e-04 | Val Loss: 4.3894e-04 | LR: 1.00e-04
Epoch 284000 | Train Loss: 1.8531e-04 | Val Loss: 4.5684e-04 | LR: 1.00e-04
Epoch 284500 | Train Loss: 1.8573e-04 | Val Loss: 4.3386e-04 | LR: 1.00e-04
Epoch 285000 | Train Loss: 1.8463e-04 | Val Loss: 4.3629e-04 | LR: 1.00e-04
Epoch 285500 | Train Loss: 1.8472e-04 | Val Loss: 4.3443e-04 | LR: 1.00e-04
Epoch 286000 | Train Loss: 1.8433e-04 | Val Loss: 4.3596e-04 | LR: 1.00e-04
Epoch 286500 | Train Loss: 1.8419e-04 | Val Loss: 4.3950e-04 | LR: 1.00e-04
Epoch 287000 | Train Loss: 1.8405e-04 | Val Loss: 4.3987e-04 | LR: 1.00e-04
Epoch 287500 | Train Loss: 1.8429e-04 | Val Loss: 4.3801e-04 | LR: 1.00e-04
Epoch 288000 | Train Loss: 1.8326e-04 | Val Loss: 4.3439e-04 | LR: 1.00e-04
Epoch 288500 | Train Loss: 1.8290e-04 | Val Loss: 4.3808e-04 | LR: 1.00e-04
Epoch 289000 | Train Loss: 1.8313e-04 | Val Loss: 4.3517e-04 | LR: 1.00e-04
Epoch 289500 | Train Loss: 1.8253e-04 | Val Loss: 4.3576e-04 | LR: 1.00e-04
Epoch 290000 | Train Loss: 1.8237e-04 | Val Loss: 4.4152e-04 | LR: 1.00e-04
Epoch 290500 | Train Loss: 1.8193e-04 | Val Loss: 4.2962e-04 | LR: 1.00e-04
Epoch 291000 | Train Loss: 1.8180e-04 | Val Loss: 4.4566e-04 | LR: 1.00e-04
Epoch 291500 | Train Loss: 1.8177e-04 | Val Loss: 4.2934e-04 | LR: 1.00e-04
Epoch 292000 | Train Loss: 1.8138e-04 | Val Loss: 4.3272e-04 | LR: 1.00e-04
Epoch 292500 | Train Loss: 1.8112e-04 | Val Loss: 4.2777e-04 | LR: 1.00e-04
Epoch 293000 | Train Loss: 1.8090e-04 | Val Loss: 4.3305e-04 | LR: 1.00e-04
Epoch 293500 | Train Loss: 1.8074e-04 | Val Loss: 4.3054e-04 | LR: 1.00e-04
Epoch 294000 | Train Loss: 1.8035e-04 | Val Loss: 4.2908e-04 | LR: 1.00e-04
Epoch 294500 | Train Loss: 1.8036e-04 | Val Loss: 4.3656e-04 | LR: 1.00e-04
Epoch 295000 | Train Loss: 1.8060e-04 | Val Loss: 4.3578e-04 | LR: 1.00e-04
Epoch 295500 | Train Loss: 1.7957e-04 | Val Loss: 4.2407e-04 | LR: 1.00e-04
Epoch 296000 | Train Loss: 1.7945e-04 | Val Loss: 4.2473e-04 | LR: 1.00e-04
Epoch 296500 | Train Loss: 1.7941e-04 | Val Loss: 4.2537e-04 | LR: 1.00e-04
Epoch 297000 | Train Loss: 1.7900e-04 | Val Loss: 4.2549e-04 | LR: 1.00e-04
Epoch 297500 | Train Loss: 1.7877e-04 | Val Loss: 4.2404e-04 | LR: 1.00e-04
Epoch 298000 | Train Loss: 1.7869e-04 | Val Loss: 4.2119e-04 | LR: 1.00e-04
Epoch 298500 | Train Loss: 1.7841e-04 | Val Loss: 4.3297e-04 | LR: 1.00e-04
Epoch 299000 | Train Loss: 1.7814e-04 | Val Loss: 4.2767e-04 | LR: 1.00e-04
Epoch 299500 | Train Loss: 1.7791e-04 | Val Loss: 4.2715e-04 | LR: 1.00e-04
Epoch 300000 | Train Loss: 1.7851e-04 | Val Loss: 4.2586e-04 | LR: 1.00e-04
Epoch 300500 | Train Loss: 1.7777e-04 | Val Loss: 4.2594e-04 | LR: 1.00e-04
Epoch 301000 | Train Loss: 1.7729e-04 | Val Loss: 4.2588e-04 | LR: 1.00e-04
Epoch 301500 | Train Loss: 1.7745e-04 | Val Loss: 4.1438e-04 | LR: 1.00e-04
Epoch 302000 | Train Loss: 1.7691e-04 | Val Loss: 4.2417e-04 | LR: 1.00e-04
Epoch 302500 | Train Loss: 1.7681e-04 | Val Loss: 4.1552e-04 | LR: 1.00e-04
Epoch 303000 | Train Loss: 1.7663e-04 | Val Loss: 4.1655e-04 | LR: 1.00e-04
Epoch 303500 | Train Loss: 1.7641e-04 | Val Loss: 4.1586e-04 | LR: 1.00e-04
Epoch 304000 | Train Loss: 1.7651e-04 | Val Loss: 4.1596e-04 | LR: 1.00e-04
Epoch 304500 | Train Loss: 1.7600e-04 | Val Loss: 4.1810e-04 | LR: 1.00e-04
Epoch 305000 | Train Loss: 1.7576e-04 | Val Loss: 4.1356e-04 | LR: 1.00e-04
Epoch 305500 | Train Loss: 1.7560e-04 | Val Loss: 4.2314e-04 | LR: 1.00e-04
Epoch 306000 | Train Loss: 1.7526e-04 | Val Loss: 4.1252e-04 | LR: 1.00e-04
Epoch 306500 | Train Loss: 1.7535e-04 | Val Loss: 4.1460e-04 | LR: 1.00e-04
Epoch 307000 | Train Loss: 1.7557e-04 | Val Loss: 4.1509e-04 | LR: 1.00e-04
Epoch 307500 | Train Loss: 1.7482e-04 | Val Loss: 4.1840e-04 | LR: 1.00e-04
Epoch 308000 | Train Loss: 1.7498e-04 | Val Loss: 4.1036e-04 | LR: 1.00e-04
Epoch 308500 | Train Loss: 1.7460e-04 | Val Loss: 4.1691e-04 | LR: 1.00e-04
Epoch 309000 | Train Loss: 1.7457e-04 | Val Loss: 4.2100e-04 | LR: 1.00e-04
Epoch 309500 | Train Loss: 1.7506e-04 | Val Loss: 4.1414e-04 | LR: 1.00e-04
Epoch 310000 | Train Loss: 1.7492e-04 | Val Loss: 4.2570e-04 | LR: 1.00e-04
Epoch 310500 | Train Loss: 1.7392e-04 | Val Loss: 4.1170e-04 | LR: 1.00e-04
Epoch 311000 | Train Loss: 1.7390e-04 | Val Loss: 4.0901e-04 | LR: 1.00e-04
Epoch 311500 | Train Loss: 1.7358e-04 | Val Loss: 4.1071e-04 | LR: 1.00e-04
Epoch 312000 | Train Loss: 1.7364e-04 | Val Loss: 4.1173e-04 | LR: 1.00e-04
Epoch 312500 | Train Loss: 1.7331e-04 | Val Loss: 4.1484e-04 | LR: 1.00e-04
Epoch 313000 | Train Loss: 1.7335e-04 | Val Loss: 4.1343e-04 | LR: 1.00e-04
Epoch 313500 | Train Loss: 1.7273e-04 | Val Loss: 4.0907e-04 | LR: 1.00e-04
Epoch 314000 | Train Loss: 1.7261e-04 | Val Loss: 4.1133e-04 | LR: 1.00e-04
Epoch 314500 | Train Loss: 1.7341e-04 | Val Loss: 4.1982e-04 | LR: 1.00e-04
Epoch 315000 | Train Loss: 1.7224e-04 | Val Loss: 4.0707e-04 | LR: 1.00e-04
Epoch 315500 | Train Loss: 1.7247e-04 | Val Loss: 4.0453e-04 | LR: 1.00e-04
Epoch 316000 | Train Loss: 1.7275e-04 | Val Loss: 4.2097e-04 | LR: 1.00e-04
Epoch 316500 | Train Loss: 1.7178e-04 | Val Loss: 4.0499e-04 | LR: 1.00e-04
Epoch 317000 | Train Loss: 1.7172e-04 | Val Loss: 4.0556e-04 | LR: 1.00e-04
Epoch 317500 | Train Loss: 1.7161e-04 | Val Loss: 4.0905e-04 | LR: 1.00e-04
Epoch 318000 | Train Loss: 1.7146e-04 | Val Loss: 4.0758e-04 | LR: 1.00e-04
Epoch 318500 | Train Loss: 1.7125e-04 | Val Loss: 4.0652e-04 | LR: 1.00e-04
Epoch 319000 | Train Loss: 1.7187e-04 | Val Loss: 4.0245e-04 | LR: 1.00e-04
Epoch 319500 | Train Loss: 1.7104e-04 | Val Loss: 4.0419e-04 | LR: 1.00e-04
Epoch 320000 | Train Loss: 1.7085e-04 | Val Loss: 4.0281e-04 | LR: 1.00e-04
Epoch 320500 | Train Loss: 1.7074e-04 | Val Loss: 4.0564e-04 | LR: 1.00e-04
Epoch 321000 | Train Loss: 1.7060e-04 | Val Loss: 4.0155e-04 | LR: 1.00e-04
Epoch 321500 | Train Loss: 1.7049e-04 | Val Loss: 4.0257e-04 | LR: 1.00e-04
Epoch 322000 | Train Loss: 1.7057e-04 | Val Loss: 4.0266e-04 | LR: 1.00e-04
Epoch 322500 | Train Loss: 1.7016e-04 | Val Loss: 4.0085e-04 | LR: 1.00e-04
Epoch 323000 | Train Loss: 1.7021e-04 | Val Loss: 4.0197e-04 | LR: 1.00e-04
Epoch 323500 | Train Loss: 1.7025e-04 | Val Loss: 3.9774e-04 | LR: 1.00e-04
Epoch 324000 | Train Loss: 1.7041e-04 | Val Loss: 4.0025e-04 | LR: 1.00e-04
Epoch 324500 | Train Loss: 1.6972e-04 | Val Loss: 4.0502e-04 | LR: 1.00e-04
Epoch 325000 | Train Loss: 1.6988e-04 | Val Loss: 3.9657e-04 | LR: 1.00e-04
Epoch 325500 | Train Loss: 1.6929e-04 | Val Loss: 4.0295e-04 | LR: 1.00e-04
Epoch 326000 | Train Loss: 1.6909e-04 | Val Loss: 4.0127e-04 | LR: 1.00e-04
Epoch 326500 | Train Loss: 1.6918e-04 | Val Loss: 4.0057e-04 | LR: 1.00e-04
Epoch 327000 | Train Loss: 1.6923e-04 | Val Loss: 3.9781e-04 | LR: 1.00e-04
Epoch 327500 | Train Loss: 1.6886e-04 | Val Loss: 4.0269e-04 | LR: 1.00e-04
Epoch 328000 | Train Loss: 1.6906e-04 | Val Loss: 3.9602e-04 | LR: 1.00e-04
Epoch 328500 | Train Loss: 1.6871e-04 | Val Loss: 3.9873e-04 | LR: 1.00e-04
Epoch 329000 | Train Loss: 1.6884e-04 | Val Loss: 4.0365e-04 | LR: 1.00e-04
Epoch 329500 | Train Loss: 1.6852e-04 | Val Loss: 3.9631e-04 | LR: 1.00e-04
Epoch 330000 | Train Loss: 1.6857e-04 | Val Loss: 4.0094e-04 | LR: 1.00e-04
Epoch 330500 | Train Loss: 1.6841e-04 | Val Loss: 3.9767e-04 | LR: 1.00e-04
Epoch 331000 | Train Loss: 1.6802e-04 | Val Loss: 3.9948e-04 | LR: 1.00e-04
Epoch 331500 | Train Loss: 1.6783e-04 | Val Loss: 3.9444e-04 | LR: 1.00e-04
Epoch 332000 | Train Loss: 1.6813e-04 | Val Loss: 4.0002e-04 | LR: 1.00e-04
Epoch 332500 | Train Loss: 1.6772e-04 | Val Loss: 4.0267e-04 | LR: 1.00e-04
Epoch 333000 | Train Loss: 1.6766e-04 | Val Loss: 3.9815e-04 | LR: 1.00e-04
Epoch 333500 | Train Loss: 1.6757e-04 | Val Loss: 3.9760e-04 | LR: 1.00e-04
Epoch 334000 | Train Loss: 1.6798e-04 | Val Loss: 4.0736e-04 | LR: 1.00e-04
Epoch 334500 | Train Loss: 1.6709e-04 | Val Loss: 3.9316e-04 | LR: 1.00e-04
Epoch 335000 | Train Loss: 1.6698e-04 | Val Loss: 3.9527e-04 | LR: 1.00e-04
Epoch 335500 | Train Loss: 1.6680e-04 | Val Loss: 3.9580e-04 | LR: 1.00e-04
Epoch 336000 | Train Loss: 1.6778e-04 | Val Loss: 4.1565e-04 | LR: 1.00e-04
Epoch 336500 | Train Loss: 1.6774e-04 | Val Loss: 3.9036e-04 | LR: 1.00e-04
Epoch 337000 | Train Loss: 1.6660e-04 | Val Loss: 3.9866e-04 | LR: 1.00e-04
Epoch 337500 | Train Loss: 1.6653e-04 | Val Loss: 3.9657e-04 | LR: 1.00e-04
Epoch 338000 | Train Loss: 1.6693e-04 | Val Loss: 3.9187e-04 | LR: 1.00e-04
Epoch 338500 | Train Loss: 1.6646e-04 | Val Loss: 3.9323e-04 | LR: 1.00e-04
Epoch 339000 | Train Loss: 1.6681e-04 | Val Loss: 3.8584e-04 | LR: 1.00e-04
Epoch 339500 | Train Loss: 1.6605e-04 | Val Loss: 3.9247e-04 | LR: 1.00e-04
Epoch 340000 | Train Loss: 1.6727e-04 | Val Loss: 3.9381e-04 | LR: 1.00e-04
Epoch 340500 | Train Loss: 1.6584e-04 | Val Loss: 3.9215e-04 | LR: 1.00e-04
Epoch 341000 | Train Loss: 1.6581e-04 | Val Loss: 3.9466e-04 | LR: 1.00e-04
Epoch 341500 | Train Loss: 1.6562e-04 | Val Loss: 3.9434e-04 | LR: 1.00e-04
Epoch 342000 | Train Loss: 1.6533e-04 | Val Loss: 3.9106e-04 | LR: 1.00e-04
Epoch 342500 | Train Loss: 1.6557e-04 | Val Loss: 3.9500e-04 | LR: 1.00e-04
Epoch 343000 | Train Loss: 1.6528e-04 | Val Loss: 3.8916e-04 | LR: 1.00e-04
Epoch 343500 | Train Loss: 1.6532e-04 | Val Loss: 3.8778e-04 | LR: 1.00e-04
Epoch 344000 | Train Loss: 1.6508e-04 | Val Loss: 3.8848e-04 | LR: 1.00e-04
Epoch 344500 | Train Loss: 1.6496e-04 | Val Loss: 3.9362e-04 | LR: 5.00e-05
Epoch 345000 | Train Loss: 1.6493e-04 | Val Loss: 3.8853e-04 | LR: 5.00e-05
Epoch 345500 | Train Loss: 1.6480e-04 | Val Loss: 3.9069e-04 | LR: 5.00e-05
Epoch 346000 | Train Loss: 1.6512e-04 | Val Loss: 3.8930e-04 | LR: 5.00e-05
Epoch 346500 | Train Loss: 1.6469e-04 | Val Loss: 3.9281e-04 | LR: 5.00e-05
Epoch 347000 | Train Loss: 1.6509e-04 | Val Loss: 3.8922e-04 | LR: 5.00e-05
Epoch 347500 | Train Loss: 1.6445e-04 | Val Loss: 3.9499e-04 | LR: 5.00e-05
Epoch 348000 | Train Loss: 1.6461e-04 | Val Loss: 3.8733e-04 | LR: 5.00e-05
Epoch 348500 | Train Loss: 1.6429e-04 | Val Loss: 3.8768e-04 | LR: 5.00e-05
Epoch 349000 | Train Loss: 1.6428e-04 | Val Loss: 3.8941e-04 | LR: 5.00e-05
Epoch 349500 | Train Loss: 1.6425e-04 | Val Loss: 3.8950e-04 | LR: 5.00e-05
Epoch 350000 | Train Loss: 1.6421e-04 | Val Loss: 3.8851e-04 | LR: 5.00e-05
Epoch 350500 | Train Loss: 1.6413e-04 | Val Loss: 3.8902e-04 | LR: 5.00e-05
Epoch 351000 | Train Loss: 1.6422e-04 | Val Loss: 3.9124e-04 | LR: 5.00e-05
Epoch 351500 | Train Loss: 1.6408e-04 | Val Loss: 3.9238e-04 | LR: 5.00e-05
Epoch 352000 | Train Loss: 1.6430e-04 | Val Loss: 3.8672e-04 | LR: 5.00e-05
Epoch 352500 | Train Loss: 1.6436e-04 | Val Loss: 3.8501e-04 | LR: 5.00e-05
Epoch 353000 | Train Loss: 1.6372e-04 | Val Loss: 3.8769e-04 | LR: 5.00e-05
Epoch 353500 | Train Loss: 1.6389e-04 | Val Loss: 3.8907e-04 | LR: 5.00e-05
Epoch 354000 | Train Loss: 1.6388e-04 | Val Loss: 3.8825e-04 | LR: 5.00e-05
Epoch 354500 | Train Loss: 1.6365e-04 | Val Loss: 3.9102e-04 | LR: 5.00e-05
Epoch 355000 | Train Loss: 1.6379e-04 | Val Loss: 3.8416e-04 | LR: 5.00e-05
Epoch 355500 | Train Loss: 1.6387e-04 | Val Loss: 3.8915e-04 | LR: 5.00e-05
Epoch 356000 | Train Loss: 1.6385e-04 | Val Loss: 3.9374e-04 | LR: 5.00e-05
Epoch 356500 | Train Loss: 1.6348e-04 | Val Loss: 3.8875e-04 | LR: 5.00e-05
Epoch 357000 | Train Loss: 1.6336e-04 | Val Loss: 3.8470e-04 | LR: 5.00e-05
Epoch 357500 | Train Loss: 1.6342e-04 | Val Loss: 3.8775e-04 | LR: 5.00e-05
Epoch 358000 | Train Loss: 1.6328e-04 | Val Loss: 3.9001e-04 | LR: 5.00e-05
Epoch 358500 | Train Loss: 1.6317e-04 | Val Loss: 3.9199e-04 | LR: 5.00e-05
Epoch 359000 | Train Loss: 1.6337e-04 | Val Loss: 3.9584e-04 | LR: 5.00e-05
Epoch 359500 | Train Loss: 1.6311e-04 | Val Loss: 3.9138e-04 | LR: 5.00e-05
Epoch 360000 | Train Loss: 1.6289e-04 | Val Loss: 3.8523e-04 | LR: 2.50e-05
Epoch 360500 | Train Loss: 1.6292e-04 | Val Loss: 3.8520e-04 | LR: 2.50e-05
Epoch 361000 | Train Loss: 1.6288e-04 | Val Loss: 3.8514e-04 | LR: 2.50e-05
Epoch 361500 | Train Loss: 1.6291e-04 | Val Loss: 3.8803e-04 | LR: 2.50e-05
Epoch 362000 | Train Loss: 1.6281e-04 | Val Loss: 3.8547e-04 | LR: 2.50e-05
Epoch 362500 | Train Loss: 1.6274e-04 | Val Loss: 3.8477e-04 | LR: 2.50e-05
Epoch 363000 | Train Loss: 1.6270e-04 | Val Loss: 3.8397e-04 | LR: 2.50e-05
Epoch 363500 | Train Loss: 1.6261e-04 | Val Loss: 3.8420e-04 | LR: 2.50e-05
Epoch 364000 | Train Loss: 1.6274e-04 | Val Loss: 3.8271e-04 | LR: 2.50e-05
Epoch 364500 | Train Loss: 1.6261e-04 | Val Loss: 3.8533e-04 | LR: 2.50e-05
Epoch 365000 | Train Loss: 1.6254e-04 | Val Loss: 3.8529e-04 | LR: 1.25e-05
Epoch 365500 | Train Loss: 1.6251e-04 | Val Loss: 3.8461e-04 | LR: 6.25e-06
Epoch 366000 | Train Loss: 1.6252e-04 | Val Loss: 3.8622e-04 | LR: 3.13e-06
Epoch 366500 | Train Loss: 1.6251e-04 | Val Loss: 3.8607e-04 | LR: 3.13e-06
Epoch 367000 | Train Loss: 1.6248e-04 | Val Loss: 3.8498e-04 | LR: 1.56e-06
Epoch 367500 | Train Loss: 1.6248e-04 | Val Loss: 3.8524e-04 | LR: 7.81e-07
Epoch 368000 | Train Loss: 1.6248e-04 | Val Loss: 3.8532e-04 | LR: 3.91e-07
Epoch 368500 | Train Loss: 1.6247e-04 | Val Loss: 3.8520e-04 | LR: 1.95e-07
Epoch 369000 | Train Loss: 1.6247e-04 | Val Loss: 3.8523e-04 | LR: 9.77e-08
Epoch 369500 | Train Loss: 1.6247e-04 | Val Loss: 3.8521e-04 | LR: 4.88e-08
Epoch 370000 | Train Loss: 1.6247e-04 | Val Loss: 3.8524e-04 | LR: 2.44e-08
Epoch 370500 | Train Loss: 1.6247e-04 | Val Loss: 3.8524e-04 | LR: 1.22e-08
Epoch 371000 | Train Loss: 1.6247e-04 | Val Loss: 3.8524e-04 | LR: 1.22e-08
Epoch 371500 | Train Loss: 1.6247e-04 | Val Loss: 3.8524e-04 | LR: 1.22e-08
Epoch 372000 | Train Loss: 1.6247e-04 | Val Loss: 3.8523e-04 | LR: 1.22e-08
Epoch 372500 | Train Loss: 1.6247e-04 | Val Loss: 3.8524e-04 | LR: 1.22e-08
Epoch 373000 | Train Loss: 1.6247e-04 | Val Loss: 3.8524e-04 | LR: 1.22e-08
Epoch 373500 | Train Loss: 1.6247e-04 | Val Loss: 3.8524e-04 | LR: 1.22e-08
Epoch 374000 | Train Loss: 1.6247e-04 | Val Loss: 3.8524e-04 | LR: 1.22e-08
Epoch 374500 | Train Loss: 1.6247e-04 | Val Loss: 3.8524e-04 | LR: 1.22e-08
Epoch 375000 | Train Loss: 1.6247e-04 | Val Loss: 3.8523e-04 | LR: 1.22e-08
Epoch 375500 | Train Loss: 1.6247e-04 | Val Loss: 3.8523e-04 | LR: 1.22e-08
Epoch 376000 | Train Loss: 1.6247e-04 | Val Loss: 3.8523e-04 | LR: 1.22e-08
Epoch 376500 | Train Loss: 1.6247e-04 | Val Loss: 3.8523e-04 | LR: 1.22e-08
Epoch 377000 | Train Loss: 1.6247e-04 | Val Loss: 3.8523e-04 | LR: 1.22e-08
Epoch 377500 | Train Loss: 1.6247e-04 | Val Loss: 3.8523e-04 | LR: 1.22e-08
Epoch 378000 | Train Loss: 1.6247e-04 | Val Loss: 3.8523e-04 | LR: 1.22e-08
Epoch 378500 | Train Loss: 1.6247e-04 | Val Loss: 3.8523e-04 | LR: 1.22e-08
Epoch 379000 | Train Loss: 1.6247e-04 | Val Loss: 3.8523e-04 | LR: 1.22e-08
Epoch 379500 | Train Loss: 1.6247e-04 | Val Loss: 3.8523e-04 | LR: 1.22e-08
Epoch 380000 | Train Loss: 1.6247e-04 | Val Loss: 3.8524e-04 | LR: 1.22e-08
Epoch 380500 | Train Loss: 1.6247e-04 | Val Loss: 3.8524e-04 | LR: 1.22e-08
Epoch 381000 | Train Loss: 1.6247e-04 | Val Loss: 3.8523e-04 | LR: 1.22e-08
Epoch 381500 | Train Loss: 1.6247e-04 | Val Loss: 3.8523e-04 | LR: 1.22e-08
Epoch 382000 | Train Loss: 1.6247e-04 | Val Loss: 3.8523e-04 | LR: 1.22e-08
Epoch 382500 | Train Loss: 1.6247e-04 | Val Loss: 3.8523e-04 | LR: 1.22e-08
Epoch 383000 | Train Loss: 1.6247e-04 | Val Loss: 3.8524e-04 | LR: 1.22e-08
Epoch 383500 | Train Loss: 1.6247e-04 | Val Loss: 3.8524e-04 | LR: 1.22e-08
Epoch 384000 | Train Loss: 1.6247e-04 | Val Loss: 3.8524e-04 | LR: 1.22e-08
Epoch 384500 | Train Loss: 1.6247e-04 | Val Loss: 3.8523e-04 | LR: 1.22e-08
Epoch 385000 | Train Loss: 1.6247e-04 | Val Loss: 3.8523e-04 | LR: 1.22e-08
Epoch 385500 | Train Loss: 1.6247e-04 | Val Loss: 3.8523e-04 | LR: 1.22e-08
Epoch 386000 | Train Loss: 1.6247e-04 | Val Loss: 3.8523e-04 | LR: 1.22e-08
Epoch 386500 | Train Loss: 1.6247e-04 | Val Loss: 3.8523e-04 | LR: 1.22e-08
Epoch 387000 | Train Loss: 1.6247e-04 | Val Loss: 3.8523e-04 | LR: 1.22e-08
Epoch 387500 | Train Loss: 1.6247e-04 | Val Loss: 3.8523e-04 | LR: 1.22e-08
Epoch 388000 | Train Loss: 1.6247e-04 | Val Loss: 3.8523e-04 | LR: 1.22e-08
Epoch 388500 | Train Loss: 1.6247e-04 | Val Loss: 3.8523e-04 | LR: 1.22e-08
Epoch 389000 | Train Loss: 1.6247e-04 | Val Loss: 3.8523e-04 | LR: 1.22e-08
Epoch 389500 | Train Loss: 1.6247e-04 | Val Loss: 3.8523e-04 | LR: 1.22e-08
Epoch 390000 | Train Loss: 1.6247e-04 | Val Loss: 3.8523e-04 | LR: 1.22e-08
Epoch 390500 | Train Loss: 1.6247e-04 | Val Loss: 3.8523e-04 | LR: 1.22e-08
Epoch 391000 | Train Loss: 1.6247e-04 | Val Loss: 3.8523e-04 | LR: 1.22e-08
Epoch 391500 | Train Loss: 1.6247e-04 | Val Loss: 3.8523e-04 | LR: 1.22e-08
Epoch 392000 | Train Loss: 1.6247e-04 | Val Loss: 3.8523e-04 | LR: 1.22e-08
Epoch 392500 | Train Loss: 1.6247e-04 | Val Loss: 3.8523e-04 | LR: 1.22e-08
Epoch 393000 | Train Loss: 1.6247e-04 | Val Loss: 3.8523e-04 | LR: 1.22e-08
Epoch 393500 | Train Loss: 1.6247e-04 | Val Loss: 3.8523e-04 | LR: 1.22e-08
Epoch 394000 | Train Loss: 1.6247e-04 | Val Loss: 3.8523e-04 | LR: 1.22e-08
Epoch 394500 | Train Loss: 1.6247e-04 | Val Loss: 3.8523e-04 | LR: 1.22e-08
Epoch 395000 | Train Loss: 1.6247e-04 | Val Loss: 3.8523e-04 | LR: 1.22e-08
Epoch 395500 | Train Loss: 1.6247e-04 | Val Loss: 3.8523e-04 | LR: 1.22e-08
Epoch 396000 | Train Loss: 1.6247e-04 | Val Loss: 3.8523e-04 | LR: 1.22e-08
Epoch 396500 | Train Loss: 1.6247e-04 | Val Loss: 3.8523e-04 | LR: 1.22e-08
Epoch 397000 | Train Loss: 1.6247e-04 | Val Loss: 3.8523e-04 | LR: 1.22e-08
Epoch 397500 | Train Loss: 1.6247e-04 | Val Loss: 3.8523e-04 | LR: 1.22e-08
Epoch 398000 | Train Loss: 1.6247e-04 | Val Loss: 3.8523e-04 | LR: 1.22e-08
Epoch 398500 | Train Loss: 1.6247e-04 | Val Loss: 3.8523e-04 | LR: 1.22e-08
Epoch 399000 | Train Loss: 1.6247e-04 | Val Loss: 3.8523e-04 | LR: 1.22e-08
Epoch 399500 | Train Loss: 1.6247e-04 | Val Loss: 3.8523e-04 | LR: 1.22e-08
Epoch 400000 | Train Loss: 1.6247e-04 | Val Loss: 3.8523e-04 | LR: 1.22e-08
Epoch 400500 | Train Loss: 1.6247e-04 | Val Loss: 3.8523e-04 | LR: 1.22e-08
Epoch 401000 | Train Loss: 1.6247e-04 | Val Loss: 3.8522e-04 | LR: 1.22e-08
Epoch 401500 | Train Loss: 1.6247e-04 | Val Loss: 3.8523e-04 | LR: 1.22e-08
Epoch 402000 | Train Loss: 1.6247e-04 | Val Loss: 3.8523e-04 | LR: 1.22e-08
Epoch 402500 | Train Loss: 1.6247e-04 | Val Loss: 3.8523e-04 | LR: 1.22e-08
Epoch 403000 | Train Loss: 1.6247e-04 | Val Loss: 3.8523e-04 | LR: 1.22e-08
Epoch 403500 | Train Loss: 1.6247e-04 | Val Loss: 3.8523e-04 | LR: 1.22e-08
Epoch 404000 | Train Loss: 1.6247e-04 | Val Loss: 3.8523e-04 | LR: 1.22e-08
Epoch 404500 | Train Loss: 1.6247e-04 | Val Loss: 3.8523e-04 | LR: 1.22e-08
Epoch 405000 | Train Loss: 1.6247e-04 | Val Loss: 3.8523e-04 | LR: 1.22e-08
Epoch 405500 | Train Loss: 1.6247e-04 | Val Loss: 3.8523e-04 | LR: 1.22e-08
Epoch 406000 | Train Loss: 1.6247e-04 | Val Loss: 3.8523e-04 | LR: 1.22e-08
Epoch 406500 | Train Loss: 1.6247e-04 | Val Loss: 3.8523e-04 | LR: 1.22e-08
Epoch 407000 | Train Loss: 1.6247e-04 | Val Loss: 3.8523e-04 | LR: 1.22e-08
Epoch 407500 | Train Loss: 1.6247e-04 | Val Loss: 3.8523e-04 | LR: 1.22e-08
Epoch 408000 | Train Loss: 1.6247e-04 | Val Loss: 3.8523e-04 | LR: 1.22e-08
Epoch 408500 | Train Loss: 1.6247e-04 | Val Loss: 3.8523e-04 | LR: 1.22e-08
Epoch 409000 | Train Loss: 1.6247e-04 | Val Loss: 3.8523e-04 | LR: 1.22e-08
Epoch 409500 | Train Loss: 1.6247e-04 | Val Loss: 3.8523e-04 | LR: 1.22e-08
Epoch 410000 | Train Loss: 1.6247e-04 | Val Loss: 3.8523e-04 | LR: 1.22e-08
Epoch 410500 | Train Loss: 1.6247e-04 | Val Loss: 3.8523e-04 | LR: 1.22e-08
Epoch 411000 | Train Loss: 1.6247e-04 | Val Loss: 3.8523e-04 | LR: 1.22e-08
Epoch 411500 | Train Loss: 1.6247e-04 | Val Loss: 3.8523e-04 | LR: 1.22e-08
Epoch 412000 | Train Loss: 1.6247e-04 | Val Loss: 3.8523e-04 | LR: 1.22e-08
Epoch 412500 | Train Loss: 1.6247e-04 | Val Loss: 3.8523e-04 | LR: 1.22e-08
Epoch 413000 | Train Loss: 1.6247e-04 | Val Loss: 3.8523e-04 | LR: 1.22e-08
Epoch 413500 | Train Loss: 1.6247e-04 | Val Loss: 3.8523e-04 | LR: 1.22e-08
Epoch 414000 | Train Loss: 1.6247e-04 | Val Loss: 3.8523e-04 | LR: 1.22e-08
Epoch 414500 | Train Loss: 1.6247e-04 | Val Loss: 3.8523e-04 | LR: 1.22e-08
Epoch 415000 | Train Loss: 1.6247e-04 | Val Loss: 3.8523e-04 | LR: 1.22e-08
Epoch 415500 | Train Loss: 1.6247e-04 | Val Loss: 3.8523e-04 | LR: 1.22e-08
Epoch 416000 | Train Loss: 1.6247e-04 | Val Loss: 3.8523e-04 | LR: 1.22e-08
Epoch 416500 | Train Loss: 1.6247e-04 | Val Loss: 3.8523e-04 | LR: 1.22e-08
Epoch 417000 | Train Loss: 1.6247e-04 | Val Loss: 3.8523e-04 | LR: 1.22e-08
Epoch 417500 | Train Loss: 1.6247e-04 | Val Loss: 3.8522e-04 | LR: 1.22e-08
Epoch 418000 | Train Loss: 1.6247e-04 | Val Loss: 3.8523e-04 | LR: 1.22e-08
Epoch 418500 | Train Loss: 1.6247e-04 | Val Loss: 3.8523e-04 | LR: 1.22e-08
Epoch 419000 | Train Loss: 1.6247e-04 | Val Loss: 3.8523e-04 | LR: 1.22e-08
Epoch 419500 | Train Loss: 1.6247e-04 | Val Loss: 3.8523e-04 | LR: 1.22e-08
Epoch 420000 | Train Loss: 1.6247e-04 | Val Loss: 3.8523e-04 | LR: 1.22e-08
Epoch 420500 | Train Loss: 1.6247e-04 | Val Loss: 3.8523e-04 | LR: 1.22e-08
Epoch 421000 | Train Loss: 1.6247e-04 | Val Loss: 3.8523e-04 | LR: 1.22e-08
Epoch 421500 | Train Loss: 1.6247e-04 | Val Loss: 3.8523e-04 | LR: 1.22e-08
Epoch 422000 | Train Loss: 1.6247e-04 | Val Loss: 3.8523e-04 | LR: 1.22e-08
Epoch 422500 | Train Loss: 1.6247e-04 | Val Loss: 3.8523e-04 | LR: 1.22e-08
Epoch 423000 | Train Loss: 1.6247e-04 | Val Loss: 3.8523e-04 | LR: 1.22e-08
Epoch 423500 | Train Loss: 1.6247e-04 | Val Loss: 3.8523e-04 | LR: 1.22e-08
Epoch 424000 | Train Loss: 1.6247e-04 | Val Loss: 3.8523e-04 | LR: 1.22e-08
Epoch 424500 | Train Loss: 1.6247e-04 | Val Loss: 3.8523e-04 | LR: 1.22e-08
Epoch 425000 | Train Loss: 1.6247e-04 | Val Loss: 3.8523e-04 | LR: 1.22e-08
Epoch 425500 | Train Loss: 1.6247e-04 | Val Loss: 3.8523e-04 | LR: 1.22e-08
Epoch 426000 | Train Loss: 1.6247e-04 | Val Loss: 3.8523e-04 | LR: 1.22e-08
Epoch 426500 | Train Loss: 1.6247e-04 | Val Loss: 3.8523e-04 | LR: 1.22e-08
Epoch 427000 | Train Loss: 1.6247e-04 | Val Loss: 3.8523e-04 | LR: 1.22e-08
Epoch 427500 | Train Loss: 1.6247e-04 | Val Loss: 3.8523e-04 | LR: 1.22e-08
Epoch 428000 | Train Loss: 1.6247e-04 | Val Loss: 3.8523e-04 | LR: 1.22e-08
Epoch 428500 | Train Loss: 1.6247e-04 | Val Loss: 3.8523e-04 | LR: 1.22e-08
Epoch 429000 | Train Loss: 1.6247e-04 | Val Loss: 3.8523e-04 | LR: 1.22e-08
Epoch 429500 | Train Loss: 1.6247e-04 | Val Loss: 3.8523e-04 | LR: 1.22e-08
Epoch 430000 | Train Loss: 1.6247e-04 | Val Loss: 3.8523e-04 | LR: 1.22e-08
Epoch 430500 | Train Loss: 1.6247e-04 | Val Loss: 3.8522e-04 | LR: 1.22e-08
Epoch 431000 | Train Loss: 1.6247e-04 | Val Loss: 3.8523e-04 | LR: 1.22e-08
Epoch 431500 | Train Loss: 1.6247e-04 | Val Loss: 3.8523e-04 | LR: 1.22e-08
Epoch 432000 | Train Loss: 1.6247e-04 | Val Loss: 3.8523e-04 | LR: 1.22e-08
Epoch 432500 | Train Loss: 1.6247e-04 | Val Loss: 3.8523e-04 | LR: 1.22e-08
Epoch 433000 | Train Loss: 1.6247e-04 | Val Loss: 3.8522e-04 | LR: 1.22e-08
Epoch 433500 | Train Loss: 1.6247e-04 | Val Loss: 3.8522e-04 | LR: 1.22e-08
Epoch 434000 | Train Loss: 1.6247e-04 | Val Loss: 3.8523e-04 | LR: 1.22e-08
Epoch 434500 | Train Loss: 1.6247e-04 | Val Loss: 3.8522e-04 | LR: 1.22e-08
Epoch 435000 | Train Loss: 1.6247e-04 | Val Loss: 3.8522e-04 | LR: 1.22e-08
Epoch 435500 | Train Loss: 1.6247e-04 | Val Loss: 3.8523e-04 | LR: 1.22e-08
Epoch 436000 | Train Loss: 1.6247e-04 | Val Loss: 3.8522e-04 | LR: 1.22e-08
Epoch 436500 | Train Loss: 1.6247e-04 | Val Loss: 3.8523e-04 | LR: 1.22e-08
Epoch 437000 | Train Loss: 1.6247e-04 | Val Loss: 3.8522e-04 | LR: 1.22e-08
Epoch 437500 | Train Loss: 1.6247e-04 | Val Loss: 3.8522e-04 | LR: 1.22e-08
Epoch 438000 | Train Loss: 1.6247e-04 | Val Loss: 3.8522e-04 | LR: 1.22e-08
Epoch 438500 | Train Loss: 1.6247e-04 | Val Loss: 3.8523e-04 | LR: 1.22e-08
Epoch 439000 | Train Loss: 1.6247e-04 | Val Loss: 3.8522e-04 | LR: 1.22e-08
Epoch 439500 | Train Loss: 1.6247e-04 | Val Loss: 3.8523e-04 | LR: 1.22e-08
Epoch 440000 | Train Loss: 1.6247e-04 | Val Loss: 3.8522e-04 | LR: 1.22e-08
Epoch 440500 | Train Loss: 1.6247e-04 | Val Loss: 3.8522e-04 | LR: 1.22e-08
Epoch 441000 | Train Loss: 1.6247e-04 | Val Loss: 3.8522e-04 | LR: 1.22e-08
Epoch 441500 | Train Loss: 1.6247e-04 | Val Loss: 3.8523e-04 | LR: 1.22e-08
Epoch 442000 | Train Loss: 1.6247e-04 | Val Loss: 3.8523e-04 | LR: 1.22e-08
Epoch 442500 | Train Loss: 1.6247e-04 | Val Loss: 3.8523e-04 | LR: 1.22e-08
Epoch 443000 | Train Loss: 1.6247e-04 | Val Loss: 3.8522e-04 | LR: 1.22e-08
Epoch 443500 | Train Loss: 1.6247e-04 | Val Loss: 3.8522e-04 | LR: 1.22e-08
Epoch 444000 | Train Loss: 1.6247e-04 | Val Loss: 3.8522e-04 | LR: 1.22e-08
Epoch 444500 | Train Loss: 1.6247e-04 | Val Loss: 3.8522e-04 | LR: 1.22e-08
Epoch 445000 | Train Loss: 1.6247e-04 | Val Loss: 3.8522e-04 | LR: 1.22e-08
Epoch 445500 | Train Loss: 1.6247e-04 | Val Loss: 3.8522e-04 | LR: 1.22e-08
Epoch 446000 | Train Loss: 1.6247e-04 | Val Loss: 3.8522e-04 | LR: 1.22e-08
Epoch 446500 | Train Loss: 1.6247e-04 | Val Loss: 3.8522e-04 | LR: 1.22e-08
Epoch 447000 | Train Loss: 1.6247e-04 | Val Loss: 3.8522e-04 | LR: 1.22e-08
Epoch 447500 | Train Loss: 1.6247e-04 | Val Loss: 3.8522e-04 | LR: 1.22e-08
Epoch 448000 | Train Loss: 1.6247e-04 | Val Loss: 3.8522e-04 | LR: 1.22e-08
Epoch 448500 | Train Loss: 1.6247e-04 | Val Loss: 3.8523e-04 | LR: 1.22e-08
Epoch 449000 | Train Loss: 1.6247e-04 | Val Loss: 3.8523e-04 | LR: 1.22e-08
Epoch 449500 | Train Loss: 1.6247e-04 | Val Loss: 3.8523e-04 | LR: 1.22e-08
Epoch 450000 | Train Loss: 1.6247e-04 | Val Loss: 3.8522e-04 | LR: 1.22e-08
Epoch 450500 | Train Loss: 1.6247e-04 | Val Loss: 3.8522e-04 | LR: 1.22e-08
Epoch 451000 | Train Loss: 1.6247e-04 | Val Loss: 3.8522e-04 | LR: 1.22e-08
Epoch 451500 | Train Loss: 1.6247e-04 | Val Loss: 3.8522e-04 | LR: 1.22e-08
Epoch 452000 | Train Loss: 1.6247e-04 | Val Loss: 3.8522e-04 | LR: 1.22e-08
Epoch 452500 | Train Loss: 1.6247e-04 | Val Loss: 3.8522e-04 | LR: 1.22e-08
Epoch 453000 | Train Loss: 1.6247e-04 | Val Loss: 3.8523e-04 | LR: 1.22e-08
Epoch 453500 | Train Loss: 1.6247e-04 | Val Loss: 3.8522e-04 | LR: 1.22e-08
Epoch 454000 | Train Loss: 1.6247e-04 | Val Loss: 3.8523e-04 | LR: 1.22e-08
Epoch 454500 | Train Loss: 1.6247e-04 | Val Loss: 3.8522e-04 | LR: 1.22e-08
Epoch 455000 | Train Loss: 1.6247e-04 | Val Loss: 3.8522e-04 | LR: 1.22e-08
Epoch 455500 | Train Loss: 1.6247e-04 | Val Loss: 3.8523e-04 | LR: 1.22e-08
Epoch 456000 | Train Loss: 1.6247e-04 | Val Loss: 3.8522e-04 | LR: 1.22e-08
Epoch 456500 | Train Loss: 1.6247e-04 | Val Loss: 3.8522e-04 | LR: 1.22e-08
Epoch 457000 | Train Loss: 1.6247e-04 | Val Loss: 3.8522e-04 | LR: 1.22e-08
Epoch 457500 | Train Loss: 1.6247e-04 | Val Loss: 3.8522e-04 | LR: 1.22e-08
Epoch 458000 | Train Loss: 1.6247e-04 | Val Loss: 3.8522e-04 | LR: 1.22e-08
Epoch 458500 | Train Loss: 1.6247e-04 | Val Loss: 3.8522e-04 | LR: 1.22e-08
Epoch 459000 | Train Loss: 1.6247e-04 | Val Loss: 3.8522e-04 | LR: 1.22e-08
Epoch 459500 | Train Loss: 1.6247e-04 | Val Loss: 3.8522e-04 | LR: 1.22e-08
Epoch 460000 | Train Loss: 1.6247e-04 | Val Loss: 3.8522e-04 | LR: 1.22e-08
Epoch 460500 | Train Loss: 1.6247e-04 | Val Loss: 3.8522e-04 | LR: 1.22e-08
Epoch 461000 | Train Loss: 1.6247e-04 | Val Loss: 3.8522e-04 | LR: 1.22e-08
Epoch 461500 | Train Loss: 1.6247e-04 | Val Loss: 3.8522e-04 | LR: 1.22e-08
Epoch 462000 | Train Loss: 1.6247e-04 | Val Loss: 3.8522e-04 | LR: 1.22e-08
Epoch 462500 | Train Loss: 1.6247e-04 | Val Loss: 3.8522e-04 | LR: 1.22e-08
Epoch 463000 | Train Loss: 1.6247e-04 | Val Loss: 3.8522e-04 | LR: 1.22e-08
Epoch 463500 | Train Loss: 1.6247e-04 | Val Loss: 3.8522e-04 | LR: 1.22e-08
Epoch 464000 | Train Loss: 1.6247e-04 | Val Loss: 3.8522e-04 | LR: 1.22e-08
Epoch 464500 | Train Loss: 1.6247e-04 | Val Loss: 3.8522e-04 | LR: 1.22e-08
Epoch 465000 | Train Loss: 1.6247e-04 | Val Loss: 3.8522e-04 | LR: 1.22e-08
Epoch 465500 | Train Loss: 1.6247e-04 | Val Loss: 3.8522e-04 | LR: 1.22e-08
Epoch 466000 | Train Loss: 1.6247e-04 | Val Loss: 3.8522e-04 | LR: 1.22e-08
Epoch 466500 | Train Loss: 1.6247e-04 | Val Loss: 3.8522e-04 | LR: 1.22e-08
Epoch 467000 | Train Loss: 1.6247e-04 | Val Loss: 3.8522e-04 | LR: 1.22e-08
Epoch 467500 | Train Loss: 1.6247e-04 | Val Loss: 3.8522e-04 | LR: 1.22e-08
Epoch 468000 | Train Loss: 1.6247e-04 | Val Loss: 3.8522e-04 | LR: 1.22e-08
Epoch 468500 | Train Loss: 1.6247e-04 | Val Loss: 3.8522e-04 | LR: 1.22e-08
Epoch 469000 | Train Loss: 1.6247e-04 | Val Loss: 3.8522e-04 | LR: 1.22e-08
Epoch 469500 | Train Loss: 1.6247e-04 | Val Loss: 3.8522e-04 | LR: 1.22e-08
Epoch 470000 | Train Loss: 1.6247e-04 | Val Loss: 3.8522e-04 | LR: 1.22e-08
Epoch 470500 | Train Loss: 1.6247e-04 | Val Loss: 3.8522e-04 | LR: 1.22e-08
Epoch 471000 | Train Loss: 1.6247e-04 | Val Loss: 3.8522e-04 | LR: 1.22e-08
Epoch 471500 | Train Loss: 1.6247e-04 | Val Loss: 3.8522e-04 | LR: 1.22e-08
Epoch 472000 | Train Loss: 1.6247e-04 | Val Loss: 3.8522e-04 | LR: 1.22e-08
Epoch 472500 | Train Loss: 1.6247e-04 | Val Loss: 3.8522e-04 | LR: 1.22e-08
Epoch 473000 | Train Loss: 1.6247e-04 | Val Loss: 3.8522e-04 | LR: 1.22e-08
Epoch 473500 | Train Loss: 1.6247e-04 | Val Loss: 3.8522e-04 | LR: 1.22e-08
Epoch 474000 | Train Loss: 1.6247e-04 | Val Loss: 3.8522e-04 | LR: 1.22e-08
Epoch 474500 | Train Loss: 1.6247e-04 | Val Loss: 3.8522e-04 | LR: 1.22e-08
Epoch 475000 | Train Loss: 1.6247e-04 | Val Loss: 3.8522e-04 | LR: 1.22e-08
Epoch 475500 | Train Loss: 1.6247e-04 | Val Loss: 3.8522e-04 | LR: 1.22e-08
Epoch 476000 | Train Loss: 1.6247e-04 | Val Loss: 3.8522e-04 | LR: 1.22e-08
Epoch 476500 | Train Loss: 1.6247e-04 | Val Loss: 3.8522e-04 | LR: 1.22e-08
Epoch 477000 | Train Loss: 1.6247e-04 | Val Loss: 3.8522e-04 | LR: 1.22e-08
Epoch 477500 | Train Loss: 1.6247e-04 | Val Loss: 3.8522e-04 | LR: 1.22e-08
Epoch 478000 | Train Loss: 1.6247e-04 | Val Loss: 3.8522e-04 | LR: 1.22e-08
Epoch 478500 | Train Loss: 1.6247e-04 | Val Loss: 3.8522e-04 | LR: 1.22e-08
Epoch 479000 | Train Loss: 1.6247e-04 | Val Loss: 3.8522e-04 | LR: 1.22e-08
Epoch 479500 | Train Loss: 1.6247e-04 | Val Loss: 3.8522e-04 | LR: 1.22e-08
Epoch 480000 | Train Loss: 1.6247e-04 | Val Loss: 3.8522e-04 | LR: 1.22e-08
Epoch 480500 | Train Loss: 1.6247e-04 | Val Loss: 3.8522e-04 | LR: 1.22e-08
Epoch 481000 | Train Loss: 1.6247e-04 | Val Loss: 3.8522e-04 | LR: 1.22e-08
Epoch 481500 | Train Loss: 1.6247e-04 | Val Loss: 3.8522e-04 | LR: 1.22e-08
Epoch 482000 | Train Loss: 1.6247e-04 | Val Loss: 3.8522e-04 | LR: 1.22e-08
Epoch 482500 | Train Loss: 1.6247e-04 | Val Loss: 3.8522e-04 | LR: 1.22e-08
Epoch 483000 | Train Loss: 1.6247e-04 | Val Loss: 3.8522e-04 | LR: 1.22e-08
Epoch 483500 | Train Loss: 1.6247e-04 | Val Loss: 3.8522e-04 | LR: 1.22e-08
Epoch 484000 | Train Loss: 1.6247e-04 | Val Loss: 3.8522e-04 | LR: 1.22e-08
Epoch 484500 | Train Loss: 1.6247e-04 | Val Loss: 3.8522e-04 | LR: 1.22e-08
Epoch 485000 | Train Loss: 1.6247e-04 | Val Loss: 3.8522e-04 | LR: 1.22e-08
Epoch 485500 | Train Loss: 1.6247e-04 | Val Loss: 3.8522e-04 | LR: 1.22e-08
Epoch 486000 | Train Loss: 1.6247e-04 | Val Loss: 3.8522e-04 | LR: 1.22e-08
Epoch 486500 | Train Loss: 1.6247e-04 | Val Loss: 3.8522e-04 | LR: 1.22e-08
Epoch 487000 | Train Loss: 1.6247e-04 | Val Loss: 3.8522e-04 | LR: 1.22e-08
Epoch 487500 | Train Loss: 1.6247e-04 | Val Loss: 3.8522e-04 | LR: 1.22e-08
Epoch 488000 | Train Loss: 1.6247e-04 | Val Loss: 3.8522e-04 | LR: 1.22e-08
Epoch 488500 | Train Loss: 1.6247e-04 | Val Loss: 3.8522e-04 | LR: 1.22e-08
Epoch 489000 | Train Loss: 1.6247e-04 | Val Loss: 3.8522e-04 | LR: 1.22e-08
Epoch 489500 | Train Loss: 1.6247e-04 | Val Loss: 3.8522e-04 | LR: 1.22e-08
Epoch 490000 | Train Loss: 1.6247e-04 | Val Loss: 3.8522e-04 | LR: 1.22e-08
Epoch 490500 | Train Loss: 1.6247e-04 | Val Loss: 3.8522e-04 | LR: 1.22e-08
Epoch 491000 | Train Loss: 1.6247e-04 | Val Loss: 3.8522e-04 | LR: 1.22e-08
Epoch 491500 | Train Loss: 1.6247e-04 | Val Loss: 3.8522e-04 | LR: 1.22e-08
Epoch 492000 | Train Loss: 1.6247e-04 | Val Loss: 3.8522e-04 | LR: 1.22e-08
Epoch 492500 | Train Loss: 1.6247e-04 | Val Loss: 3.8522e-04 | LR: 1.22e-08
Epoch 493000 | Train Loss: 1.6247e-04 | Val Loss: 3.8522e-04 | LR: 1.22e-08
Epoch 493500 | Train Loss: 1.6247e-04 | Val Loss: 3.8522e-04 | LR: 1.22e-08
Epoch 494000 | Train Loss: 1.6247e-04 | Val Loss: 3.8522e-04 | LR: 1.22e-08
Epoch 494500 | Train Loss: 1.6247e-04 | Val Loss: 3.8522e-04 | LR: 1.22e-08
Epoch 495000 | Train Loss: 1.6247e-04 | Val Loss: 3.8522e-04 | LR: 1.22e-08
Epoch 495500 | Train Loss: 1.6247e-04 | Val Loss: 3.8522e-04 | LR: 1.22e-08
Epoch 496000 | Train Loss: 1.6247e-04 | Val Loss: 3.8522e-04 | LR: 1.22e-08
Epoch 496500 | Train Loss: 1.6247e-04 | Val Loss: 3.8522e-04 | LR: 1.22e-08
Epoch 497000 | Train Loss: 1.6247e-04 | Val Loss: 3.8522e-04 | LR: 1.22e-08
Epoch 497500 | Train Loss: 1.6247e-04 | Val Loss: 3.8522e-04 | LR: 1.22e-08
Epoch 498000 | Train Loss: 1.6247e-04 | Val Loss: 3.8522e-04 | LR: 1.22e-08
Epoch 498500 | Train Loss: 1.6247e-04 | Val Loss: 3.8522e-04 | LR: 1.22e-08
Epoch 499000 | Train Loss: 1.6247e-04 | Val Loss: 3.8522e-04 | LR: 1.22e-08
Epoch 499500 | Train Loss: 1.6247e-04 | Val Loss: 3.8522e-04 | LR: 1.22e-08

Total training time: 335154.71 seconds
